Component: ARM Compiler 5.05 update 1 (build 106) Tool: armlink [4d0efa]

==============================================================================

Section Cross References

    startup_stm32f207xx.o(RESET) refers to startup_stm32f207xx.o(STACK) for __initial_sp
    startup_stm32f207xx.o(RESET) refers to startup_stm32f207xx.o(.text) for Reset_Handler
    startup_stm32f207xx.o(RESET) refers to stm32f2xx_it.o(i.SVC_Handler) for SVC_Handler
    startup_stm32f207xx.o(RESET) refers to stm32f2xx_it.o(i.PendSV_Handler) for PendSV_Handler
    startup_stm32f207xx.o(RESET) refers to stm32f2xx_it.o(i.SysTick_Handler) for SysTick_Handler
    startup_stm32f207xx.o(RESET) refers to stm32f2xx_it.o(i.PVD_IRQHandler) for PVD_IRQHandler
    startup_stm32f207xx.o(RESET) refers to stm32f2xx_it.o(i.DMA1_Stream0_IRQHandler) for DMA1_Stream0_IRQHandler
    startup_stm32f207xx.o(RESET) refers to stm32f2xx_it.o(i.DMA1_Stream5_IRQHandler) for DMA1_Stream5_IRQHandler
    startup_stm32f207xx.o(RESET) refers to stm32f2xx_it.o(i.DMA1_Stream6_IRQHandler) for DMA1_Stream6_IRQHandler
    startup_stm32f207xx.o(RESET) refers to stm32f2xx_it.o(i.I2C1_EV_IRQHandler) for I2C1_EV_IRQHandler
    startup_stm32f207xx.o(RESET) refers to stm32f2xx_it.o(i.I2C1_ER_IRQHandler) for I2C1_ER_IRQHandler
    startup_stm32f207xx.o(RESET) refers to stm32f2xx_it.o(i.USART2_IRQHandler) for USART2_IRQHandler
    startup_stm32f207xx.o(RESET) refers to stm32f2xx_it.o(i.DMA1_Stream7_IRQHandler) for DMA1_Stream7_IRQHandler
    startup_stm32f207xx.o(.text) refers to system_stm32f2xx.o(i.SystemInit) for SystemInit
    startup_stm32f207xx.o(.text) refers to entry.o(.ARM.Collect$$$$00000000) for __main
    stm32f2xx_hal_i2c.o(i.HAL_I2C_DeInit) refers to i2c.o(i.HAL_I2C_MspDeInit) for HAL_I2C_MspDeInit
    stm32f2xx_hal_i2c.o(i.HAL_I2C_ER_IRQHandler) refers to stm32f2xx_hal_i2c.o(i.I2C_Slave_AF) for I2C_Slave_AF
    stm32f2xx_hal_i2c.o(i.HAL_I2C_ER_IRQHandler) refers to stm32f2xx_hal_i2c.o(i.I2C_ITError) for I2C_ITError
    stm32f2xx_hal_i2c.o(i.HAL_I2C_EV_IRQHandler) refers to stm32f2xx_hal_i2c.o(i.I2C_Master_SB) for I2C_Master_SB
    stm32f2xx_hal_i2c.o(i.HAL_I2C_EV_IRQHandler) refers to stm32f2xx_hal_i2c.o(i.I2C_Master_ADDR) for I2C_Master_ADDR
    stm32f2xx_hal_i2c.o(i.HAL_I2C_EV_IRQHandler) refers to stm32f2xx_hal_i2c.o(i.I2C_MasterTransmit_TXE) for I2C_MasterTransmit_TXE
    stm32f2xx_hal_i2c.o(i.HAL_I2C_EV_IRQHandler) refers to stm32f2xx_hal_i2c.o(i.I2C_MasterTransmit_BTF) for I2C_MasterTransmit_BTF
    stm32f2xx_hal_i2c.o(i.HAL_I2C_EV_IRQHandler) refers to stm32f2xx_hal_i2c.o(i.I2C_MasterReceive_RXNE) for I2C_MasterReceive_RXNE
    stm32f2xx_hal_i2c.o(i.HAL_I2C_EV_IRQHandler) refers to stm32f2xx_hal_i2c.o(i.I2C_MasterReceive_BTF) for I2C_MasterReceive_BTF
    stm32f2xx_hal_i2c.o(i.HAL_I2C_EV_IRQHandler) refers to stm32f2xx_hal_i2c.o(i.HAL_I2C_AddrCallback) for HAL_I2C_AddrCallback
    stm32f2xx_hal_i2c.o(i.HAL_I2C_EV_IRQHandler) refers to stm32f2xx_hal_i2c.o(i.I2C_Slave_STOPF) for I2C_Slave_STOPF
    stm32f2xx_hal_i2c.o(i.HAL_I2C_EV_IRQHandler) refers to stm32f2xx_hal_i2c.o(i.HAL_I2C_SlaveTxCpltCallback) for HAL_I2C_SlaveTxCpltCallback
    stm32f2xx_hal_i2c.o(i.HAL_I2C_EV_IRQHandler) refers to stm32f2xx_hal_i2c.o(i.HAL_I2C_SlaveRxCpltCallback) for HAL_I2C_SlaveRxCpltCallback
    stm32f2xx_hal_i2c.o(i.HAL_I2C_Init) refers to i2c.o(i.HAL_I2C_MspInit) for HAL_I2C_MspInit
    stm32f2xx_hal_i2c.o(i.HAL_I2C_Init) refers to stm32f2xx_hal_rcc.o(i.HAL_RCC_GetPCLK1Freq) for HAL_RCC_GetPCLK1Freq
    stm32f2xx_hal_i2c.o(i.HAL_I2C_IsDeviceReady) refers to stm32f2xx_hal.o(i.HAL_GetTick) for HAL_GetTick
    stm32f2xx_hal_i2c.o(i.HAL_I2C_IsDeviceReady) refers to stm32f2xx_hal_i2c.o(i.I2C_WaitOnFlagUntilTimeout) for I2C_WaitOnFlagUntilTimeout
    stm32f2xx_hal_i2c.o(i.HAL_I2C_Master_Abort_IT) refers to stm32f2xx_hal_i2c.o(i.I2C_ITError) for I2C_ITError
    stm32f2xx_hal_i2c.o(i.HAL_I2C_Master_Receive) refers to stm32f2xx_hal.o(i.HAL_GetTick) for HAL_GetTick
    stm32f2xx_hal_i2c.o(i.HAL_I2C_Master_Receive) refers to stm32f2xx_hal_i2c.o(i.I2C_WaitOnFlagUntilTimeout) for I2C_WaitOnFlagUntilTimeout
    stm32f2xx_hal_i2c.o(i.HAL_I2C_Master_Receive) refers to stm32f2xx_hal_i2c.o(i.I2C_MasterRequestRead) for I2C_MasterRequestRead
    stm32f2xx_hal_i2c.o(i.HAL_I2C_Master_Receive) refers to stm32f2xx_hal_i2c.o(i.I2C_WaitOnRXNEFlagUntilTimeout) for I2C_WaitOnRXNEFlagUntilTimeout
    stm32f2xx_hal_i2c.o(i.HAL_I2C_Master_Receive_DMA) refers to stm32f2xx_hal_dma.o(i.HAL_DMA_Start_IT) for HAL_DMA_Start_IT
    stm32f2xx_hal_i2c.o(i.HAL_I2C_Master_Receive_DMA) refers to system_stm32f2xx.o(.data) for SystemCoreClock
    stm32f2xx_hal_i2c.o(i.HAL_I2C_Master_Receive_DMA) refers to stm32f2xx_hal_i2c.o(i.I2C_DMAXferCplt) for I2C_DMAXferCplt
    stm32f2xx_hal_i2c.o(i.HAL_I2C_Master_Receive_DMA) refers to stm32f2xx_hal_i2c.o(i.I2C_DMAError) for I2C_DMAError
    stm32f2xx_hal_i2c.o(i.HAL_I2C_Master_Receive_IT) refers to system_stm32f2xx.o(.data) for SystemCoreClock
[...]
    dfixul.o(.text) refers to llushr.o(.text) for __aeabi_llsr
    dfixul.o(.text) refers to llshl.o(.text) for __aeabi_llsl
    init.o(.text) refers to entry5.o(.ARM.Collect$$$$00000004) for __main_after_scatterload
    depilogue.o(.text) refers to llshl.o(.text) for __aeabi_llsl
    depilogue.o(.text) refers to llushr.o(.text) for __aeabi_llsr


==============================================================================

Removing Unused input sections from the image.

    Removing startup_stm32f207xx.o(HEAP), (512 bytes).
    Removing stm32f2xx_hal_i2c.o(.rev16_text), (4 bytes).
    Removing stm32f2xx_hal_i2c.o(.revsh_text), (4 bytes).
    Removing stm32f2xx_hal_i2c.o(.rrx_text), (6 bytes).
    Removing stm32f2xx_hal_i2c.o(i.HAL_I2C_DeInit), (50 bytes).
    Removing stm32f2xx_hal_i2c.o(i.HAL_I2C_DisableListen_IT), (68 bytes).
    Removing stm32f2xx_hal_i2c.o(i.HAL_I2C_EnableListen_IT), (58 bytes).
    Removing stm32f2xx_hal_i2c.o(i.HAL_I2C_GetError), (4 bytes).
    Removing stm32f2xx_hal_i2c.o(i.HAL_I2C_GetMode), (6 bytes).
    Removing stm32f2xx_hal_i2c.o(i.HAL_I2C_GetState), (6 bytes).
    Removing stm32f2xx_hal_i2c.o(i.HAL_I2C_IsDeviceReady), (356 bytes).
    Removing stm32f2xx_hal_i2c.o(i.HAL_I2C_Master_Abort_IT), (86 bytes).
    Removing stm32f2xx_hal_i2c.o(i.HAL_I2C_Master_Receive), (488 bytes).
    Removing stm32f2xx_hal_i2c.o(i.HAL_I2C_Master_Receive_IT), (188 bytes).
    Removing stm32f2xx_hal_i2c.o(i.HAL_I2C_Master_Sequential_Receive_IT), (224 bytes).
    Removing stm32f2xx_hal_i2c.o(i.HAL_I2C_Master_Sequential_Transmit_IT), (196 bytes).
    Removing stm32f2xx_hal_i2c.o(i.HAL_I2C_Master_Transmit), (312 bytes).
    Removing stm32f2xx_hal_i2c.o(i.HAL_I2C_Master_Transmit_DMA), (296 bytes).
    Removing stm32f2xx_hal_i2c.o(i.HAL_I2C_Master_Transmit_IT), (180 bytes).
    Removing stm32f2xx_hal_i2c.o(i.HAL_I2C_Mem_Read), (508 bytes).
    Removing stm32f2xx_hal_i2c.o(i.HAL_I2C_Mem_Read_DMA), (376 bytes).
    Removing stm32f2xx_hal_i2c.o(i.HAL_I2C_Mem_Read_IT), (216 bytes).
    Removing stm32f2xx_hal_i2c.o(i.HAL_I2C_Mem_Write), (316 bytes).
    Removing stm32f2xx_hal_i2c.o(i.HAL_I2C_Mem_Write_DMA), (292 bytes).
    Removing stm32f2xx_hal_i2c.o(i.HAL_I2C_Mem_Write_IT), (204 bytes).
    Removing stm32f2xx_hal_i2c.o(i.HAL_I2C_MspDeInit), (2 bytes).
    Removing stm32f2xx_hal_i2c.o(i.HAL_I2C_MspInit), (2 bytes).
    Removing stm32f2xx_hal_i2c.o(i.HAL_I2C_Slave_Receive), (380 bytes).
    Removing stm32f2xx_hal_i2c.o(i.HAL_I2C_Slave_Receive_DMA), (244 bytes).
    Removing stm32f2xx_hal_i2c.o(i.HAL_I2C_Slave_Receive_IT), (180 bytes).
    Removing stm32f2xx_hal_i2c.o(i.HAL_I2C_Slave_Sequential_Receive_IT), (114 bytes).
    Removing stm32f2xx_hal_i2c.o(i.HAL_I2C_Slave_Sequential_Transmit_IT), (114 bytes).
    Removing stm32f2xx_hal_i2c.o(i.HAL_I2C_Slave_Transmit), (356 bytes).
    Removing stm32f2xx_hal_i2c.o(i.HAL_I2C_Slave_Transmit_DMA), (244 bytes).
    Removing stm32f2xx_hal_i2c.o(i.HAL_I2C_Slave_Transmit_IT), (184 bytes).
    Removing stm32f2xx_hal_i2c.o(i.I2C_IsAcknowledgeFailed), (40 bytes).
    Removing stm32f2xx_hal_i2c.o(i.I2C_MasterRequestRead), (222 bytes).
    Removing stm32f2xx_hal_i2c.o(i.I2C_MasterRequestWrite), (148 bytes).
    Removing stm32f2xx_hal_i2c.o(i.I2C_RequestMemoryRead), (240 bytes).
    Removing stm32f2xx_hal_i2c.o(i.I2C_RequestMemoryWrite), (160 bytes).
    Removing stm32f2xx_hal_i2c.o(i.I2C_WaitOnBTFFlagUntilTimeout), (78 bytes).
    Removing stm32f2xx_hal_i2c.o(i.I2C_WaitOnFlagUntilTimeout), (96 bytes).
    Removing stm32f2xx_hal_i2c.o(i.I2C_WaitOnMasterAddressFlagUntilTimeout), (134 bytes).
    Removing stm32f2xx_hal_i2c.o(i.I2C_WaitOnRXNEFlagUntilTimeout), (100 bytes).
    Removing stm32f2xx_hal_i2c.o(i.I2C_WaitOnTXEFlagUntilTimeout), (78 bytes).
    Removing stm32f2xx_hal_tim.o(.rev16_text), (4 bytes).
    Removing stm32f2xx_hal_tim.o(.revsh_text), (4 bytes).
    Removing stm32f2xx_hal_tim.o(.rrx_text), (6 bytes).
    Removing stm32f2xx_hal_tim_ex.o(.rev16_text), (4 bytes).
    Removing stm32f2xx_hal_tim_ex.o(.revsh_text), (4 bytes).
    Removing stm32f2xx_hal_tim_ex.o(.rrx_text), (6 bytes).
    Removing stm32f2xx_hal_uart.o(.rev16_text), (4 bytes).
    Removing stm32f2xx_hal_uart.o(.revsh_text), (4 bytes).
    Removing stm32f2xx_hal_uart.o(.rrx_text), (6 bytes).
    Removing stm32f2xx_hal_uart.o(i.HAL_HalfDuplex_EnableReceiver), (50 bytes).
    Removing stm32f2xx_hal_uart.o(i.HAL_HalfDuplex_EnableTransmitter), (50 bytes).
    Removing stm32f2xx_hal_uart.o(i.HAL_HalfDuplex_Init), (108 bytes).
    Removing stm32f2xx_hal_uart.o(i.HAL_LIN_Init), (128 bytes).
    Removing stm32f2xx_hal_uart.o(i.HAL_LIN_SendBreak), (46 bytes).
    Removing stm32f2xx_hal_uart.o(i.HAL_MultiProcessor_EnterMuteMode), (46 bytes).
    Removing stm32f2xx_hal_uart.o(i.HAL_MultiProcessor_ExitMuteMode), (46 bytes).
    Removing stm32f2xx_hal_uart.o(i.HAL_MultiProcessor_Init), (142 bytes).
    Removing stm32f2xx_hal_uart.o(i.HAL_UART_Abort), (104 bytes).
    Removing stm32f2xx_hal_uart.o(i.HAL_UART_AbortCpltCallback), (2 bytes).
    Removing stm32f2xx_hal_uart.o(i.HAL_UART_AbortReceive), (68 bytes).
    Removing stm32f2xx_hal_uart.o(i.HAL_UART_AbortReceiveCpltCallback), (2 bytes).
    Removing stm32f2xx_hal_uart.o(i.HAL_UART_AbortReceive_IT), (92 bytes).
    Removing stm32f2xx_hal_uart.o(i.HAL_UART_AbortTransmit), (58 bytes).
    Removing stm32f2xx_hal_uart.o(i.HAL_UART_AbortTransmitCpltCallback), (2 bytes).
    Removing stm32f2xx_hal_uart.o(i.HAL_UART_AbortTransmit_IT), (84 bytes).
    Removing stm32f2xx_hal_uart.o(i.HAL_UART_Abort_IT), (172 bytes).
    Removing stm32f2xx_hal_uart.o(i.HAL_UART_DMAPause), (102 bytes).
    Removing stm32f2xx_hal_uart.o(i.HAL_UART_DMAResume), (94 bytes).
    Removing stm32f2xx_hal_uart.o(i.HAL_UART_DeInit), (40 bytes).
    Removing stm32f2xx_hal_uart.o(i.HAL_UART_GetError), (4 bytes).
    Removing stm32f2xx_hal_uart.o(i.HAL_UART_GetState), (10 bytes).
    Removing stm32f2xx_hal_uart.o(i.HAL_UART_MspDeInit), (2 bytes).
    Removing stm32f2xx_hal_uart.o(i.HAL_UART_MspInit), (2 bytes).
    Removing stm32f2xx_hal_uart.o(i.HAL_UART_Receive), (186 bytes).
    Removing stm32f2xx_hal_uart.o(i.HAL_UART_Receive_IT), (72 bytes).
    Removing stm32f2xx_hal_uart.o(i.HAL_UART_RxCpltCallback), (2 bytes).
    Removing stm32f2xx_hal_uart.o(i.HAL_UART_Transmit_DMA), (128 bytes).
    Removing stm32f2xx_hal_uart.o(i.HAL_UART_Transmit_IT), (62 bytes).
    Removing stm32f2xx_hal_uart.o(i.HAL_UART_TxHalfCpltCallback), (2 bytes).
    Removing stm32f2xx_hal_uart.o(i.UART_DMARxAbortCallback), (42 bytes).
    Removing stm32f2xx_hal_uart.o(i.UART_DMARxOnlyAbortCallback), (20 bytes).
    Removing stm32f2xx_hal_uart.o(i.UART_DMATransmitCplt), (46 bytes).
    Removing stm32f2xx_hal_uart.o(i.UART_DMATxAbortCallback), (42 bytes).
    Removing stm32f2xx_hal_uart.o(i.UART_DMATxHalfCplt), (10 bytes).
    Removing stm32f2xx_hal_uart.o(i.UART_DMATxOnlyAbortCallback), (20 bytes).
    Removing stm32f2xx_hal.o(.rev16_text), (4 bytes).
    Removing stm32f2xx_hal.o(.revsh_text), (4 bytes).
    Removing stm32f2xx_hal.o(.rrx_text), (6 bytes).
    Removing stm32f2xx_hal.o(i.HAL_DBGMCU_DisableDBGSleepMode), (16 bytes).
    Removing stm32f2xx_hal.o(i.HAL_DBGMCU_DisableDBGStandbyMode), (16 bytes).
    Removing stm32f2xx_hal.o(i.HAL_DBGMCU_DisableDBGStopMode), (16 bytes).
    Removing stm32f2xx_hal.o(i.HAL_DBGMCU_EnableDBGSleepMode), (16 bytes).
    Removing stm32f2xx_hal.o(i.HAL_DBGMCU_EnableDBGStandbyMode), (16 bytes).
    Removing stm32f2xx_hal.o(i.HAL_DBGMCU_EnableDBGStopMode), (16 bytes).
    Removing stm32f2xx_hal.o(i.HAL_DeInit), (52 bytes).
    Removing stm32f2xx_hal.o(i.HAL_Delay), (28 bytes).
    Removing stm32f2xx_hal.o(i.HAL_DisableCompensationCell), (28 bytes).
    Removing stm32f2xx_hal.o(i.HAL_EnableCompensationCell), (28 bytes).
    Removing stm32f2xx_hal.o(i.HAL_GetDEVID), (16 bytes).
    Removing stm32f2xx_hal.o(i.HAL_GetHalVersion), (8 bytes).
    Removing stm32f2xx_hal.o(i.HAL_GetREVID), (12 bytes).
    Removing stm32f2xx_hal.o(i.HAL_GetUID), (28 bytes).
    Removing stm32f2xx_hal.o(i.HAL_MspDeInit), (2 bytes).
    Removing stm32f2xx_hal.o(i.HAL_MspInit), (2 bytes).
    Removing stm32f2xx_hal.o(i.HAL_ResumeTick), (14 bytes).
    Removing stm32f2xx_hal.o(i.HAL_SuspendTick), (14 bytes).
    Removing stm32f2xx_hal_rcc.o(.rev16_text), (4 bytes).
    Removing stm32f2xx_hal_rcc.o(.revsh_text), (4 bytes).
    Removing stm32f2xx_hal_rcc.o(.rrx_text), (6 bytes).
    Removing stm32f2xx_hal_rcc.o(i.HAL_RCC_CSSCallback), (2 bytes).
    Removing stm32f2xx_hal_rcc.o(i.HAL_RCC_DeInit), (260 bytes).
    Removing stm32f2xx_hal_rcc.o(i.HAL_RCC_DisableCSS), (12 bytes).
    Removing stm32f2xx_hal_rcc.o(i.HAL_RCC_EnableCSS), (12 bytes).
    Removing stm32f2xx_hal_rcc.o(i.HAL_RCC_GetClockConfig), (64 bytes).
    Removing stm32f2xx_hal_rcc.o(i.HAL_RCC_GetOscConfig), (224 bytes).
    Removing stm32f2xx_hal_rcc.o(i.HAL_RCC_MCOConfig), (140 bytes).
    Removing stm32f2xx_hal_rcc.o(i.HAL_RCC_NMI_IRQHandler), (28 bytes).
    Removing stm32f2xx_hal_rcc_ex.o(.rev16_text), (4 bytes).
    Removing stm32f2xx_hal_rcc_ex.o(.revsh_text), (4 bytes).
    Removing stm32f2xx_hal_rcc_ex.o(.rrx_text), (6 bytes).
    Removing stm32f2xx_hal_rcc_ex.o(i.HAL_RCCEx_GetPeriphCLKConfig), (80 bytes).
    Removing stm32f2xx_hal_rcc_ex.o(i.HAL_RCCEx_PeriphCLKConfig), (340 bytes).
    Removing stm32f2xx_hal_cortex.o(.rev16_text), (4 bytes).
    Removing stm32f2xx_hal_cortex.o(.revsh_text), (4 bytes).
    Removing stm32f2xx_hal_cortex.o(.rrx_text), (6 bytes).
    Removing stm32f2xx_hal_cortex.o(i.HAL_MPU_ConfigRegion), (84 bytes).
    Removing stm32f2xx_hal_cortex.o(i.HAL_MPU_Disable), (28 bytes).
    Removing stm32f2xx_hal_cortex.o(i.HAL_MPU_Enable), (36 bytes).
    Removing stm32f2xx_hal_cortex.o(i.HAL_NVIC_ClearPendingIRQ), (22 bytes).
    Removing stm32f2xx_hal_cortex.o(i.HAL_NVIC_DisableIRQ), (22 bytes).
    Removing stm32f2xx_hal_cortex.o(i.HAL_NVIC_GetActive), (32 bytes).
    Removing stm32f2xx_hal_cortex.o(i.HAL_NVIC_GetPendingIRQ), (32 bytes).
    Removing stm32f2xx_hal_cortex.o(i.HAL_NVIC_GetPriority), (84 bytes).
    Removing stm32f2xx_hal_cortex.o(i.HAL_NVIC_GetPriorityGrouping), (16 bytes).
    Removing stm32f2xx_hal_cortex.o(i.HAL_NVIC_SetPendingIRQ), (22 bytes).
    Removing stm32f2xx_hal_cortex.o(i.HAL_NVIC_SystemReset), (36 bytes).
    Removing stm32f2xx_hal_flash.o(.rev16_text), (4 bytes).
    Removing stm32f2xx_hal_flash.o(.revsh_text), (4 bytes).
    Removing stm32f2xx_hal_flash.o(.rrx_text), (6 bytes).
    Removing stm32f2xx_hal_flash.o(i.FLASH_Program_Byte), (32 bytes).
    Removing stm32f2xx_hal_flash.o(i.FLASH_Program_DoubleWord), (40 bytes).
    Removing stm32f2xx_hal_flash.o(i.FLASH_Program_HalfWord), (36 bytes).
    Removing stm32f2xx_hal_flash.o(i.FLASH_Program_Word), (36 bytes).
    Removing stm32f2xx_hal_flash.o(i.FLASH_SetErrorCode), (104 bytes).
    Removing stm32f2xx_hal_flash.o(i.FLASH_WaitForLastOperation), (80 bytes).
    Removing stm32f2xx_hal_flash.o(i.HAL_FLASH_EndOfOperationCallback), (2 bytes).
    Removing stm32f2xx_hal_flash.o(i.HAL_FLASH_GetError), (12 bytes).
    Removing stm32f2xx_hal_flash.o(i.HAL_FLASH_IRQHandler), (200 bytes).
    Removing stm32f2xx_hal_flash.o(i.HAL_FLASH_Lock), (20 bytes).
    Removing stm32f2xx_hal_flash.o(i.HAL_FLASH_OB_Launch), (24 bytes).
    Removing stm32f2xx_hal_flash.o(i.HAL_FLASH_OB_Lock), (20 bytes).
    Removing stm32f2xx_hal_flash.o(i.HAL_FLASH_OB_Unlock), (40 bytes).
    Removing stm32f2xx_hal_flash.o(i.HAL_FLASH_OperationErrorCallback), (2 bytes).
    Removing stm32f2xx_hal_flash.o(i.HAL_FLASH_Program), (124 bytes).
    Removing stm32f2xx_hal_flash.o(i.HAL_FLASH_Program_IT), (108 bytes).
    Removing stm32f2xx_hal_flash.o(i.HAL_FLASH_Unlock), (40 bytes).
    Removing stm32f2xx_hal_flash.o(.bss), (32 bytes).
    Removing stm32f2xx_hal_flash_ex.o(.rev16_text), (4 bytes).
    Removing stm32f2xx_hal_flash_ex.o(.revsh_text), (4 bytes).
    Removing stm32f2xx_hal_flash_ex.o(.rrx_text), (6 bytes).
    Removing stm32f2xx_hal_flash_ex.o(i.FLASH_Erase_Sector), (88 bytes).
    Removing stm32f2xx_hal_flash_ex.o(i.FLASH_FlushCaches), (84 bytes).
    Removing stm32f2xx_hal_flash_ex.o(i.FLASH_MassErase), (40 bytes).
    Removing stm32f2xx_hal_flash_ex.o(i.HAL_FLASHEx_Erase), (152 bytes).
    Removing stm32f2xx_hal_flash_ex.o(i.HAL_FLASHEx_Erase_IT), (104 bytes).
    Removing stm32f2xx_hal_flash_ex.o(i.HAL_FLASHEx_OBGetConfig), (64 bytes).
    Removing stm32f2xx_hal_flash_ex.o(i.HAL_FLASHEx_OBProgram), (204 bytes).
    Removing stm32f2xx_hal_pwr.o(.rev16_text), (4 bytes).
    Removing stm32f2xx_hal_pwr.o(.revsh_text), (4 bytes).
    Removing stm32f2xx_hal_pwr.o(.rrx_text), (6 bytes).
    Removing stm32f2xx_hal_pwr.o(i.HAL_PWR_ConfigPVD), (124 bytes).
    Removing stm32f2xx_hal_pwr.o(i.HAL_PWR_DeInit), (24 bytes).
    Removing stm32f2xx_hal_pwr.o(i.HAL_PWR_DisableBkUpAccess), (28 bytes).
    Removing stm32f2xx_hal_pwr.o(i.HAL_PWR_DisablePVD), (24 bytes).
    Removing stm32f2xx_hal_pwr.o(i.HAL_PWR_DisableSEVOnPend), (16 bytes).
    Removing stm32f2xx_hal_pwr.o(i.HAL_PWR_DisableSleepOnExit), (16 bytes).
    Removing stm32f2xx_hal_pwr.o(i.HAL_PWR_DisableWakeUpPin), (16 bytes).
    Removing stm32f2xx_hal_pwr.o(i.HAL_PWR_EnableBkUpAccess), (24 bytes).
    Removing stm32f2xx_hal_pwr.o(i.HAL_PWR_EnablePVD), (24 bytes).
    Removing stm32f2xx_hal_pwr.o(i.HAL_PWR_EnableSEVOnPend), (16 bytes).
    Removing stm32f2xx_hal_pwr.o(i.HAL_PWR_EnableSleepOnExit), (16 bytes).
    Removing stm32f2xx_hal_pwr.o(i.HAL_PWR_EnableWakeUpPin), (16 bytes).
    Removing stm32f2xx_hal_pwr.o(i.HAL_PWR_EnterSLEEPMode), (32 bytes).
    Removing stm32f2xx_hal_pwr.o(i.HAL_PWR_EnterSTANDBYMode), (32 bytes).
    Removing stm32f2xx_hal_pwr.o(i.HAL_PWR_EnterSTOPMode), (56 bytes).
    Removing stm32f2xx_hal_pwr_ex.o(.rev16_text), (4 bytes).
    Removing stm32f2xx_hal_pwr_ex.o(.revsh_text), (4 bytes).
    Removing stm32f2xx_hal_pwr_ex.o(.rrx_text), (6 bytes).
    Removing stm32f2xx_hal_pwr_ex.o(i.HAL_PWREx_DisableBkUpReg), (76 bytes).
    Removing stm32f2xx_hal_pwr_ex.o(i.HAL_PWREx_DisableFlashPowerDown), (28 bytes).
    Removing stm32f2xx_hal_pwr_ex.o(i.HAL_PWREx_EnableBkUpReg), (72 bytes).
    Removing stm32f2xx_hal_pwr_ex.o(i.HAL_PWREx_EnableFlashPowerDown), (24 bytes).
    Removing stm32f2xx_hal_gpio.o(.rev16_text), (4 bytes).
    Removing stm32f2xx_hal_gpio.o(.revsh_text), (4 bytes).
    Removing stm32f2xx_hal_gpio.o(.rrx_text), (6 bytes).
    Removing stm32f2xx_hal_gpio.o(i.HAL_GPIO_DeInit), (304 bytes).
    Removing stm32f2xx_hal_gpio.o(i.HAL_GPIO_EXTI_Callback), (2 bytes).
    Removing stm32f2xx_hal_gpio.o(i.HAL_GPIO_EXTI_IRQHandler), (24 bytes).
    Removing stm32f2xx_hal_gpio.o(i.HAL_GPIO_LockPin), (34 bytes).
    Removing stm32f2xx_hal_gpio.o(i.HAL_GPIO_ReadPin), (10 bytes).
    Removing stm32f2xx_hal_gpio.o(i.HAL_GPIO_TogglePin), (8 bytes).
    Removing stm32f2xx_hal_dma.o(.rev16_text), (4 bytes).
    Removing stm32f2xx_hal_dma.o(.revsh_text), (4 bytes).
    Removing stm32f2xx_hal_dma.o(.rrx_text), (6 bytes).
    Removing stm32f2xx_hal_dma.o(i.HAL_DMA_DeInit), (86 bytes).
    Removing stm32f2xx_hal_dma.o(i.HAL_DMA_GetState), (6 bytes).
    Removing stm32f2xx_hal_dma.o(i.HAL_DMA_PollForTransfer), (276 bytes).
    Removing stm32f2xx_hal_dma.o(i.HAL_DMA_RegisterCallback), (80 bytes).
    Removing stm32f2xx_hal_dma.o(i.HAL_DMA_Start), (70 bytes).
    Removing stm32f2xx_hal_dma.o(i.HAL_DMA_UnRegisterCallback), (96 bytes).
    Removing stm32f2xx_hal_dma_ex.o(.rev16_text), (4 bytes).
    Removing stm32f2xx_hal_dma_ex.o(.revsh_text), (4 bytes).
    Removing stm32f2xx_hal_dma_ex.o(.rrx_text), (6 bytes).
    Removing stm32f2xx_hal_dma_ex.o(i.DMA_MultiBufferSetConfig), (30 bytes).
    Removing stm32f2xx_hal_dma_ex.o(i.HAL_DMAEx_ChangeMemory), (14 bytes).
    Removing stm32f2xx_hal_dma_ex.o(i.HAL_DMAEx_MultiBufferStart), (100 bytes).
    Removing stm32f2xx_hal_dma_ex.o(i.HAL_DMAEx_MultiBufferStart_IT), (2432 bytes).
    Removing main.o(.rev16_text), (4 bytes).
    Removing main.o(.revsh_text), (4 bytes).
    Removing main.o(.rrx_text), (6 bytes).
    Removing gpio.o(.rev16_text), (4 bytes).
    Removing gpio.o(.revsh_text), (4 bytes).
    Removing gpio.o(.rrx_text), (6 bytes).
    Removing dma.o(.rev16_text), (4 bytes).
    Removing dma.o(.revsh_text), (4 bytes).
    Removing dma.o(.rrx_text), (6 bytes).
    Removing i2c.o(.rev16_text), (4 bytes).
    Removing i2c.o(.revsh_text), (4 bytes).
    Removing i2c.o(.rrx_text), (6 bytes).
    Removing i2c.o(i.HAL_I2C_MspDeInit), (76 bytes).
    Removing usart.o(.rev16_text), (4 bytes).
    Removing usart.o(.revsh_text), (4 bytes).
    Removing usart.o(.rrx_text), (6 bytes).
    Removing usart.o(i.HAL_UART_MspDeInit), (68 bytes).
    Removing stm32f2xx_it.o(.rev16_text), (4 bytes).
    Removing stm32f2xx_it.o(.revsh_text), (4 bytes).
    Removing stm32f2xx_it.o(.rrx_text), (6 bytes).
    Removing stm32f2xx_hal_msp.o(.rev16_text), (4 bytes).
    Removing stm32f2xx_hal_msp.o(.revsh_text), (4 bytes).
    Removing stm32f2xx_hal_msp.o(.rrx_text), (6 bytes).
    Removing i2cproc.o(.rev16_text), (4 bytes).
    Removing i2cproc.o(.revsh_text), (4 bytes).
    Removing i2cproc.o(.rrx_text), (6 bytes).
    Removing i2cproc.o(i.I2CWriteToSlave), (56 bytes).
    Removing i2cproc.o(.data), (8 bytes).
    Removing usartcommandproc.o(.rev16_text), (4 bytes).
    Removing usartcommandproc.o(.revsh_text), (4 bytes).
    Removing usartcommandproc.o(.rrx_text), (6 bytes).
    Removing usartcommandproc.o(i.I2CTestModeProc), (12 bytes).
    Removing system_stm32f2xx.o(.rev16_text), (4 bytes).
    Removing system_stm32f2xx.o(.revsh_text), (4 bytes).
    Removing system_stm32f2xx.o(.rrx_text), (6 bytes).
    Removing system_stm32f2xx.o(i.SystemCoreClockUpdate), (120 bytes).
    Removing dadd.o(.text), (334 bytes).
    Removing dmul.o(.text), (228 bytes).
    Removing ddiv.o(.text), (222 bytes).
    Removing dfixul.o(.text), (48 bytes).
    Removing cdrcmple.o(.text), (48 bytes).
    Removing depilogue.o(.text), (186 bytes).

264 unused section(s) (total 19728 bytes) removed from the image.

==============================================================================

Image Symbol Table

    Local Symbols

    Symbol Name                              Value     Ov Type        Size  Object(Section)

    ..//Src/system_stm32f2xx.c               0x00000000   Number         0  system_stm32f2xx.o ABSOLUTE
    ../Drivers/STM32F2xx_HAL_Driver/Src/stm32f2xx_hal.c 0x00000000   Number         0  stm32f2xx_hal.o ABSOLUTE
    ../Drivers/STM32F2xx_HAL_Driver/Src/stm32f2xx_hal_cortex.c 0x00000000   Number         0  stm32f2xx_hal_cortex.o ABSOLUTE
    ../Drivers/STM32F2xx_HAL_Driver/Src/stm32f2xx_hal_dma.c 0x00000000   Number         0  stm32f2xx_hal_dma.o ABSOLUTE
    ../Drivers/STM32F2xx_HAL_Driver/Src/stm32f2xx_hal_dma_ex.c 0x00000000   Number         0  stm32f2xx_hal_dma_ex.o ABSOLUTE
    ../Drivers/STM32F2xx_HAL_Driver/Src/stm32f2xx_hal_flash.c 0x00000000   Number         0  stm32f2xx_hal_flash.o ABSOLUTE
    ../Drivers/STM32F2xx_HAL_Driver/Src/stm32f2xx_hal_flash_ex.c 0x00000000   Number         0  stm32f2xx_hal_flash_ex.o ABSOLUTE
    ../Drivers/STM32F2xx_HAL_Driver/Src/stm32f2xx_hal_gpio.c 0x00000000   Number         0  stm32f2xx_hal_gpio.o ABSOLUTE
    ../Drivers/STM32F2xx_HAL_Driver/Src/stm32f2xx_hal_i2c.c 0x00000000   Number         0  stm32f2xx_hal_i2c.o ABSOLUTE
    ../Drivers/STM32F2xx_HAL_Driver/Src/stm32f2xx_hal_pwr.c 0x00000000   Number         0  stm32f2xx_hal_pwr.o ABSOLUTE
    ../Drivers/STM32F2xx_HAL_Driver/Src/stm32f2xx_hal_pwr_ex.c 0x00000000   Number         0  stm32f2xx_hal_pwr_ex.o ABSOLUTE
    ../Drivers/STM32F2xx_HAL_Driver/Src/stm32f2xx_hal_rcc.c 0x00000000   Number         0  stm32f2xx_hal_rcc.o ABSOLUTE
    ../Drivers/STM32F2xx_HAL_Driver/Src/stm32f2xx_hal_rcc_ex.c 0x00000000   Number         0  stm32f2xx_hal_rcc_ex.o ABSOLUTE
    ../Drivers/STM32F2xx_HAL_Driver/Src/stm32f2xx_hal_tim.c 0x00000000   Number         0  stm32f2xx_hal_tim.o ABSOLUTE
    ../Drivers/STM32F2xx_HAL_Driver/Src/stm32f2xx_hal_tim_ex.c 0x00000000   Number         0  stm32f2xx_hal_tim_ex.o ABSOLUTE
    ../Drivers/STM32F2xx_HAL_Driver/Src/stm32f2xx_hal_uart.c 0x00000000   Number         0  stm32f2xx_hal_uart.o ABSOLUTE
    ../Src/dma.c                             0x00000000   Number         0  dma.o ABSOLUTE
    ../Src/gpio.c                            0x00000000   Number         0  gpio.o ABSOLUTE
    ../Src/i2c.c                             0x00000000   Number         0  i2c.o ABSOLUTE
    ../Src/main.c                            0x00000000   Number         0  main.o ABSOLUTE
    ../Src/stm32f2xx_hal_msp.c               0x00000000   Number         0  stm32f2xx_hal_msp.o ABSOLUTE
    ../Src/stm32f2xx_it.c                    0x00000000   Number         0  stm32f2xx_it.o ABSOLUTE
    ../Src/usart.c                           0x00000000   Number         0  usart.o ABSOLUTE
    ../clib/microlib/division.c              0x00000000   Number         0  uldiv.o ABSOLUTE
    ../clib/microlib/division.c              0x00000000   Number         0  uidiv.o ABSOLUTE
    ../clib/microlib/init/entry.s            0x00000000   Number         0  entry11b.o ABSOLUTE
    ../clib/microlib/init/entry.s            0x00000000   Number         0  entry8b.o ABSOLUTE
    ../clib/microlib/init/entry.s            0x00000000   Number         0  entry8a.o ABSOLUTE
    ../clib/microlib/init/entry.s            0x00000000   Number         0  entry7b.o ABSOLUTE
    ../clib/microlib/init/entry.s            0x00000000   Number         0  entry7a.o ABSOLUTE
    ../clib/microlib/init/entry.s            0x00000000   Number         0  entry9b.o ABSOLUTE
    ../clib/microlib/init/entry.s            0x00000000   Number         0  entry.o ABSOLUTE
    ../clib/microlib/init/entry.s            0x00000000   Number         0  entry5.o ABSOLUTE
    ../clib/microlib/init/entry.s            0x00000000   Number         0  entry2.o ABSOLUTE
    ../clib/microlib/init/entry.s            0x00000000   Number         0  entry9a.o ABSOLUTE
    ../clib/microlib/init/entry.s            0x00000000   Number         0  entry11a.o ABSOLUTE
    ../clib/microlib/init/entry.s            0x00000000   Number         0  entry10b.o ABSOLUTE
    ../clib/microlib/init/entry.s            0x00000000   Number         0  entry10a.o ABSOLUTE
    ../clib/microlib/longlong.c              0x00000000   Number         0  llsshr.o ABSOLUTE
    ../clib/microlib/longlong.c              0x00000000   Number         0  llushr.o ABSOLUTE
    ../clib/microlib/longlong.c              0x00000000   Number         0  llshl.o ABSOLUTE
    ../clib/microlib/printf/printf.c         0x00000000   Number         0  printf7.o ABSOLUTE
    ../clib/microlib/printf/printf.c         0x00000000   Number         0  printf5.o ABSOLUTE
    ../clib/microlib/printf/printf.c         0x00000000   Number         0  printf6.o ABSOLUTE
    ../clib/microlib/printf/printf.c         0x00000000   Number         0  printf4.o ABSOLUTE
    ../clib/microlib/printf/printf.c         0x00000000   Number         0  printf3.o ABSOLUTE
    ../clib/microlib/printf/printf.c         0x00000000   Number         0  printf2.o ABSOLUTE
    ../clib/microlib/printf/printf.c         0x00000000   Number         0  printf1.o ABSOLUTE
    ../clib/microlib/printf/printf.c         0x00000000   Number         0  printf0.o ABSOLUTE
    ../clib/microlib/printf/printf.c         0x00000000   Number         0  printfb.o ABSOLUTE
    ../clib/microlib/printf/printf.c         0x00000000   Number         0  printf8.o ABSOLUTE
    ../clib/microlib/printf/printf.c         0x00000000   Number         0  printfa.o ABSOLUTE
    ../clib/microlib/printf/stubs.s          0x00000000   Number         0  stubs.o ABSOLUTE
    ../clib/microlib/stdio/streams.c         0x00000000   Number         0  stdout.o ABSOLUTE
    ../clib/microlib/stubs.s                 0x00000000   Number         0  iusefp.o ABSOLUTE
    ../fplib/microlib/fpadd.c                0x00000000   Number         0  dadd.o ABSOLUTE
    ../fplib/microlib/fpdiv.c                0x00000000   Number         0  ddiv.o ABSOLUTE
    ../fplib/microlib/fpepilogue.c           0x00000000   Number         0  depilogue.o ABSOLUTE
    ../fplib/microlib/fpfix.c                0x00000000   Number         0  dfixul.o ABSOLUTE
    ../fplib/microlib/fpmul.c                0x00000000   Number         0  dmul.o ABSOLUTE
    ..\Drivers\STM32F2xx_HAL_Driver\Src\stm32f2xx_hal.c 0x00000000   Number         0  stm32f2xx_hal.o ABSOLUTE
    ..\Drivers\STM32F2xx_HAL_Driver\Src\stm32f2xx_hal_cortex.c 0x00000000   Number         0  stm32f2xx_hal_cortex.o ABSOLUTE
    ..\Drivers\STM32F2xx_HAL_Driver\Src\stm32f2xx_hal_dma.c 0x00000000   Number         0  stm32f2xx_hal_dma.o ABSOLUTE
    ..\Drivers\STM32F2xx_HAL_Driver\Src\stm32f2xx_hal_dma_ex.c 0x00000000   Number         0  stm32f2xx_hal_dma_ex.o ABSOLUTE
    ..\Drivers\STM32F2xx_HAL_Driver\Src\stm32f2xx_hal_flash.c 0x00000000   Number         0  stm32f2xx_hal_flash.o ABSOLUTE
    ..\Drivers\STM32F2xx_HAL_Driver\Src\stm32f2xx_hal_flash_ex.c 0x00000000   Number         0  stm32f2xx_hal_flash_ex.o ABSOLUTE
    ..\Drivers\STM32F2xx_HAL_Driver\Src\stm32f2xx_hal_gpio.c 0x00000000   Number         0  stm32f2xx_hal_gpio.o ABSOLUTE
    ..\Drivers\STM32F2xx_HAL_Driver\Src\stm32f2xx_hal_i2c.c 0x00000000   Number         0  stm32f2xx_hal_i2c.o ABSOLUTE
    ..\Drivers\STM32F2xx_HAL_Driver\Src\stm32f2xx_hal_pwr.c 0x00000000   Number         0  stm32f2xx_hal_pwr.o ABSOLUTE
    ..\Drivers\STM32F2xx_HAL_Driver\Src\stm32f2xx_hal_pwr_ex.c 0x00000000   Number         0  stm32f2xx_hal_pwr_ex.o ABSOLUTE
    ..\Drivers\STM32F2xx_HAL_Driver\Src\stm32f2xx_hal_rcc.c 0x00000000   Number         0  stm32f2xx_hal_rcc.o ABSOLUTE
    ..\Drivers\STM32F2xx_HAL_Driver\Src\stm32f2xx_hal_rcc_ex.c 0x00000000   Number         0  stm32f2xx_hal_rcc_ex.o ABSOLUTE
    ..\Drivers\STM32F2xx_HAL_Driver\Src\stm32f2xx_hal_tim.c 0x00000000   Number         0  stm32f2xx_hal_tim.o ABSOLUTE
    ..\Drivers\STM32F2xx_HAL_Driver\Src\stm32f2xx_hal_tim_ex.c 0x00000000   Number         0  stm32f2xx_hal_tim_ex.o ABSOLUTE
    ..\Drivers\STM32F2xx_HAL_Driver\Src\stm32f2xx_hal_uart.c 0x00000000   Number         0  stm32f2xx_hal_uart.o ABSOLUTE
    ..\Src\dma.c                             0x00000000   Number         0  dma.o ABSOLUTE
    ..\Src\gpio.c                            0x00000000   Number         0  gpio.o ABSOLUTE
    ..\Src\i2c.c                             0x00000000   Number         0  i2c.o ABSOLUTE
    ..\Src\main.c                            0x00000000   Number         0  main.o ABSOLUTE
    ..\Src\stm32f2xx_hal_msp.c               0x00000000   Number         0  stm32f2xx_hal_msp.o ABSOLUTE
    ..\Src\stm32f2xx_it.c                    0x00000000   Number         0  stm32f2xx_it.o ABSOLUTE
    ..\Src\usart.c                           0x00000000   Number         0  usart.o ABSOLUTE
    ..\User\I2CProc.c                        0x00000000   Number         0  i2cproc.o ABSOLUTE
    ..\User\UsartCommandProc.c               0x00000000   Number         0  usartcommandproc.o ABSOLUTE
    ..\User\UserTask.c                       0x00000000   Number         0  usertask.o ABSOLUTE
    ..\\Src\system_stm32f2xx.c               0x00000000   Number         0  system_stm32f2xx.o ABSOLUTE
    ..\\User\\I2CProc.c                      0x00000000   Number         0  i2cproc.o ABSOLUTE
    ..\\User\\UsartCommandProc.c             0x00000000   Number         0  usartcommandproc.o ABSOLUTE
    cdrcmple.s                               0x00000000   Number         0  cdrcmple.o ABSOLUTE
    dc.s                                     0x00000000   Number         0  dc.o ABSOLUTE
    handlers.s                               0x00000000   Number         0  handlers.o ABSOLUTE
    init.s                                   0x00000000   Number         0  init.o ABSOLUTE
    startup_stm32f207xx.s                    0x00000000   Number         0  startup_stm32f207xx.o ABSOLUTE
    RESET                                    0x08000000   Section      388  startup_stm32f207xx.o(RESET)
    .ARM.Collect$$$$00000000                 0x08000184   Section        0  entry.o(.ARM.Collect$$$$00000000)
    .ARM.Collect$$$$00000001                 0x08000184   Section        4  entry2.o(.ARM.Collect$$$$00000001)
    .ARM.Collect$$$$00000004                 0x08000188   Section        4  entry5.o(.ARM.Collect$$$$00000004)
    .ARM.Collect$$$$00000008                 0x0800018c   Section        0  entry7b.o(.ARM.Collect$$$$00000008)
    .ARM.Collect$$$$0000000A                 0x0800018c   Section        0  entry8b.o(.ARM.Collect$$$$0000000A)
    .ARM.Collect$$$$0000000B                 0x0800018c   Section        8  entry9a.o(.ARM.Collect$$$$0000000B)
    .ARM.Collect$$$$0000000D                 0x08000194   Section        0  entry10a.o(.ARM.Collect$$$$0000000D)
    .ARM.Collect$$$$0000000F                 0x08000194   Section        0  entry11a.o(.ARM.Collect$$$$0000000F)
    .ARM.Collect$$$$00002712                 0x08000194   Section        4  entry2.o(.ARM.Collect$$$$00002712)
    __lit__00000000                          0x08000194   Data           4  entry2.o(.ARM.Collect$$$$00002712)
    .text                                    0x08000198   Section       36  startup_stm32f207xx.o(.text)
    .text                                    0x080001bc   Section        0  uldiv.o(.text)
    .text                                    0x0800021e   Section        0  llshl.o(.text)
    .text                                    0x0800023c   Section        0  llushr.o(.text)
    .text                                    0x0800025c   Section       36  init.o(.text)
    i.CommandFormatCheck                     0x08000280   Section        0  usartcommandproc.o(i.CommandFormatCheck)
    i.CommandProcUpdate                      0x0800029c   Section        0  usartcommandproc.o(i.CommandProcUpdate)
    i.DMA1_Stream0_IRQHandler                0x080002ec   Section        0  stm32f2xx_it.o(i.DMA1_Stream0_IRQHandler)
    i.DMA1_Stream5_IRQHandler                0x080002f8   Section        0  stm32f2xx_it.o(i.DMA1_Stream5_IRQHandler)
    i.DMA1_Stream6_IRQHandler                0x08000304   Section        0  stm32f2xx_it.o(i.DMA1_Stream6_IRQHandler)
    i.DMA1_Stream7_IRQHandler                0x08000310   Section        0  stm32f2xx_it.o(i.DMA1_Stream7_IRQHandler)
    i.DMA_CalcBaseAndBitshift                0x0800031c   Section        0  stm32f2xx_hal_dma.o(i.DMA_CalcBaseAndBitshift)
    DMA_CalcBaseAndBitshift                  0x0800031d   Thumb Code    34  stm32f2xx_hal_dma.o(i.DMA_CalcBaseAndBitshift)
    i.DMA_CheckFifoParam                     0x08000344   Section        0  stm32f2xx_hal_dma.o(i.DMA_CheckFifoParam)
    DMA_CheckFifoParam                       0x08000345   Thumb Code    84  stm32f2xx_hal_dma.o(i.DMA_CheckFifoParam)
    i.DMA_SetConfig                          0x08000398   Section        0  stm32f2xx_hal_dma.o(i.DMA_SetConfig)
    DMA_SetConfig                            0x08000399   Thumb Code    40  stm32f2xx_hal_dma.o(i.DMA_SetConfig)
    i.HAL_DMA_Abort                          0x080003c0   Section        0  stm32f2xx_hal_dma.o(i.HAL_DMA_Abort)
    i.HAL_DMA_Abort_IT                       0x0800044e   Section        0  stm32f2xx_hal_dma.o(i.HAL_DMA_Abort_IT)
    i.HAL_DMA_GetError                       0x08000472   Section        0  stm32f2xx_hal_dma.o(i.HAL_DMA_GetError)
    i.HAL_DMA_IRQHandler                     0x08000478   Section        0  stm32f2xx_hal_dma.o(i.HAL_DMA_IRQHandler)
    i.HAL_DMA_Init                           0x08000618   Section        0  stm32f2xx_hal_dma.o(i.HAL_DMA_Init)
    i.HAL_DMA_Start_IT                       0x080006ec   Section        0  stm32f2xx_hal_dma.o(i.HAL_DMA_Start_IT)
    i.HAL_GPIO_Init                          0x08000764   Section        0  stm32f2xx_hal_gpio.o(i.HAL_GPIO_Init)
    i.HAL_GPIO_WritePin                      0x08000930   Section        0  stm32f2xx_hal_gpio.o(i.HAL_GPIO_WritePin)
    i.HAL_GetTick                            0x0800093c   Section        0  stm32f2xx_hal.o(i.HAL_GetTick)
    i.HAL_I2C_AbortCpltCallback              0x08000948   Section        0  stm32f2xx_hal_i2c.o(i.HAL_I2C_AbortCpltCallback)
    i.HAL_I2C_AddrCallback                   0x0800094a   Section        0  stm32f2xx_hal_i2c.o(i.HAL_I2C_AddrCallback)
    i.HAL_I2C_ER_IRQHandler                  0x0800094c   Section        0  stm32f2xx_hal_i2c.o(i.HAL_I2C_ER_IRQHandler)
    i.HAL_I2C_EV_IRQHandler                  0x08000a10   Section        0  stm32f2xx_hal_i2c.o(i.HAL_I2C_EV_IRQHandler)
    i.HAL_I2C_ErrorCallback                  0x08000c00   Section        0  stm32f2xx_hal_i2c.o(i.HAL_I2C_ErrorCallback)
    i.HAL_I2C_Init                           0x08000c04   Section        0  stm32f2xx_hal_i2c.o(i.HAL_I2C_Init)
    i.HAL_I2C_ListenCpltCallback             0x08000d0c   Section        0  stm32f2xx_hal_i2c.o(i.HAL_I2C_ListenCpltCallback)
    i.HAL_I2C_MasterRxCpltCallback           0x08000d0e   Section        0  stm32f2xx_hal_i2c.o(i.HAL_I2C_MasterRxCpltCallback)
    i.HAL_I2C_MasterTxCpltCallback           0x08000d10   Section        0  stm32f2xx_hal_i2c.o(i.HAL_I2C_MasterTxCpltCallback)
    i.HAL_I2C_Master_Receive_DMA             0x08000d14   Section        0  stm32f2xx_hal_i2c.o(i.HAL_I2C_Master_Receive_DMA)
    i.HAL_I2C_MemRxCpltCallback              0x08000e3c   Section        0  stm32f2xx_hal_i2c.o(i.HAL_I2C_MemRxCpltCallback)
    i.HAL_I2C_MemTxCpltCallback              0x08000e3e   Section        0  stm32f2xx_hal_i2c.o(i.HAL_I2C_MemTxCpltCallback)
    i.HAL_I2C_MspInit                        0x08000e40   Section        0  i2c.o(i.HAL_I2C_MspInit)
    i.HAL_I2C_SlaveRxCpltCallback            0x08000f40   Section        0  stm32f2xx_hal_i2c.o(i.HAL_I2C_SlaveRxCpltCallback)
    i.HAL_I2C_SlaveTxCpltCallback            0x08000f42   Section        0  stm32f2xx_hal_i2c.o(i.HAL_I2C_SlaveTxCpltCallback)
    i.HAL_IncTick                            0x08000f44   Section        0  stm32f2xx_hal.o(i.HAL_IncTick)
    i.HAL_Init                               0x08000f54   Section        0  stm32f2xx_hal.o(i.HAL_Init)
    i.HAL_InitTick                           0x08000f88   Section        0  stm32f2xx_hal.o(i.HAL_InitTick)
    i.HAL_MspInit                            0x08000fb0   Section        0  stm32f2xx_hal_msp.o(i.HAL_MspInit)
    i.HAL_NVIC_EnableIRQ                     0x08001044   Section        0  stm32f2xx_hal_cortex.o(i.HAL_NVIC_EnableIRQ)
    i.HAL_NVIC_SetPriority                   0x0800105c   Section        0  stm32f2xx_hal_cortex.o(i.HAL_NVIC_SetPriority)
    i.HAL_NVIC_SetPriorityGrouping           0x0800109c   Section        0  stm32f2xx_hal_cortex.o(i.HAL_NVIC_SetPriorityGrouping)
    i.HAL_PWR_PVDCallback                    0x080010c0   Section        0  stm32f2xx_hal_pwr.o(i.HAL_PWR_PVDCallback)
    i.HAL_PWR_PVD_IRQHandler                 0x080010c4   Section        0  stm32f2xx_hal_pwr.o(i.HAL_PWR_PVD_IRQHandler)
    i.HAL_RCC_ClockConfig                    0x080010e0   Section        0  stm32f2xx_hal_rcc.o(i.HAL_RCC_ClockConfig)
    i.HAL_RCC_GetHCLKFreq                    0x08001214   Section        0  stm32f2xx_hal_rcc.o(i.HAL_RCC_GetHCLKFreq)
    i.HAL_RCC_GetPCLK1Freq                   0x08001220   Section        0  stm32f2xx_hal_rcc.o(i.HAL_RCC_GetPCLK1Freq)
    i.HAL_RCC_GetPCLK2Freq                   0x08001250   Section        0  stm32f2xx_hal_rcc.o(i.HAL_RCC_GetPCLK2Freq)
    i.HAL_RCC_GetSysClockFreq                0x08001280   Section        0  stm32f2xx_hal_rcc.o(i.HAL_RCC_GetSysClockFreq)
    i.HAL_RCC_OscConfig                      0x080012e0   Section        0  stm32f2xx_hal_rcc.o(i.HAL_RCC_OscConfig)
    i.HAL_SYSTICK_CLKSourceConfig            0x080015d0   Section        0  stm32f2xx_hal_cortex.o(i.HAL_SYSTICK_CLKSourceConfig)
    i.HAL_SYSTICK_Callback                   0x080015e8   Section        0  stm32f2xx_hal_cortex.o(i.HAL_SYSTICK_Callback)
    i.HAL_SYSTICK_Config                     0x080015ea   Section        0  stm32f2xx_hal_cortex.o(i.HAL_SYSTICK_Config)
    i.HAL_SYSTICK_IRQHandler                 0x08001612   Section        0  stm32f2xx_hal_cortex.o(i.HAL_SYSTICK_IRQHandler)
    i.HAL_UART_DMAStop                       0x0800161a   Section        0  stm32f2xx_hal_uart.o(i.HAL_UART_DMAStop)
    i.HAL_UART_ErrorCallback                 0x08001672   Section        0  stm32f2xx_hal_uart.o(i.HAL_UART_ErrorCallback)
    i.HAL_UART_IRQHandler                    0x08001674   Section        0  stm32f2xx_hal_uart.o(i.HAL_UART_IRQHandler)
    i.HAL_UART_Init                          0x08001784   Section        0  stm32f2xx_hal_uart.o(i.HAL_UART_Init)
    i.HAL_UART_MspInit                       0x080017e8   Section        0  usart.o(i.HAL_UART_MspInit)
    i.HAL_UART_Receive_DMA                   0x080018d0   Section        0  stm32f2xx_hal_uart.o(i.HAL_UART_Receive_DMA)
    i.HAL_UART_RxCpltCallback                0x08001968   Section        0  usartcommandproc.o(i.HAL_UART_RxCpltCallback)
    i.HAL_UART_RxHalfCpltCallback            0x080019dc   Section        0  stm32f2xx_hal_uart.o(i.HAL_UART_RxHalfCpltCallback)
    i.HAL_UART_Transmit                      0x080019de   Section        0  stm32f2xx_hal_uart.o(i.HAL_UART_Transmit)
    i.HAL_UART_TxCpltCallback                0x08001a98   Section        0  stm32f2xx_hal_uart.o(i.HAL_UART_TxCpltCallback)
    i.I2C1_ER_IRQHandler                     0x08001a9c   Section        0  stm32f2xx_it.o(i.I2C1_ER_IRQHandler)
    i.I2C1_EV_IRQHandler                     0x08001aa8   Section        0  stm32f2xx_it.o(i.I2C1_EV_IRQHandler)
    i.I2CProcCheck                           0x08001ab4   Section        0  i2cproc.o(i.I2CProcCheck)
    i.I2CReadDataUpdate                      0x08001b58   Section        0  i2cproc.o(i.I2CReadDataUpdate)
    i.I2CReadFromSlave                       0x08001b9c   Section        0  i2cproc.o(i.I2CReadFromSlave)
    i.I2CSlaveProc                           0x08001be8   Section        0  usartcommandproc.o(i.I2CSlaveProc)
    i.I2CWork                                0x08001c14   Section        0  i2cproc.o(i.I2CWork)
    i.I2C_DMAAbort                           0x08001c24   Section        0  stm32f2xx_hal_i2c.o(i.I2C_DMAAbort)
    I2C_DMAAbort                             0x08001c25   Thumb Code    78  stm32f2xx_hal_i2c.o(i.I2C_DMAAbort)
    i.I2C_DMAError                           0x08001c72   Section        0  stm32f2xx_hal_i2c.o(i.I2C_DMAError)
    I2C_DMAError                             0x08001c73   Thumb Code    52  stm32f2xx_hal_i2c.o(i.I2C_DMAError)
    i.I2C_DMAXferCplt                        0x08001ca6   Section        0  stm32f2xx_hal_i2c.o(i.I2C_DMAXferCplt)
    I2C_DMAXferCplt                          0x08001ca7   Thumb Code   134  stm32f2xx_hal_i2c.o(i.I2C_DMAXferCplt)
    i.I2C_ITError                            0x08001d2c   Section        0  stm32f2xx_hal_i2c.o(i.I2C_ITError)
    I2C_ITError                              0x08001d2d   Thumb Code   284  stm32f2xx_hal_i2c.o(i.I2C_ITError)
    i.I2C_MasterReceive_BTF                  0x08001e50   Section        0  stm32f2xx_hal_i2c.o(i.I2C_MasterReceive_BTF)
    I2C_MasterReceive_BTF                    0x08001e51   Thumb Code   190  stm32f2xx_hal_i2c.o(i.I2C_MasterReceive_BTF)
    i.I2C_MasterReceive_RXNE                 0x08001f0e   Section        0  stm32f2xx_hal_i2c.o(i.I2C_MasterReceive_RXNE)
    I2C_MasterReceive_RXNE                   0x08001f0f   Thumb Code   132  stm32f2xx_hal_i2c.o(i.I2C_MasterReceive_RXNE)
    i.I2C_MasterTransmit_BTF                 0x08001f92   Section        0  stm32f2xx_hal_i2c.o(i.I2C_MasterTransmit_BTF)
    I2C_MasterTransmit_BTF                   0x08001f93   Thumb Code   128  stm32f2xx_hal_i2c.o(i.I2C_MasterTransmit_BTF)
    i.I2C_MasterTransmit_TXE                 0x08002012   Section        0  stm32f2xx_hal_i2c.o(i.I2C_MasterTransmit_TXE)
    I2C_MasterTransmit_TXE                   0x08002013   Thumb Code   262  stm32f2xx_hal_i2c.o(i.I2C_MasterTransmit_TXE)
    i.I2C_Master_ADDR                        0x08002118   Section        0  stm32f2xx_hal_i2c.o(i.I2C_Master_ADDR)
    I2C_Master_ADDR                          0x08002119   Thumb Code   244  stm32f2xx_hal_i2c.o(i.I2C_Master_ADDR)
    i.I2C_Master_SB                          0x0800220c   Section        0  stm32f2xx_hal_i2c.o(i.I2C_Master_SB)
    I2C_Master_SB                            0x0800220d   Thumb Code    90  stm32f2xx_hal_i2c.o(i.I2C_Master_SB)
    i.I2C_Slave_AF                           0x08002268   Section        0  stm32f2xx_hal_i2c.o(i.I2C_Slave_AF)
    I2C_Slave_AF                             0x08002269   Thumb Code   128  stm32f2xx_hal_i2c.o(i.I2C_Slave_AF)
    i.I2C_Slave_STOPF                        0x080022ec   Section        0  stm32f2xx_hal_i2c.o(i.I2C_Slave_STOPF)
    I2C_Slave_STOPF                          0x080022ed   Thumb Code   214  stm32f2xx_hal_i2c.o(i.I2C_Slave_STOPF)
    i.MX_DMA_Init                            0x080023c8   Section        0  dma.o(i.MX_DMA_Init)
    i.MX_GPIO_Init                           0x08002424   Section        0  gpio.o(i.MX_GPIO_Init)
    i.MX_I2C1_Init                           0x0800265c   Section        0  i2c.o(i.MX_I2C1_Init)
    i.MX_USART2_UART_Init                    0x080026b0   Section        0  usart.o(i.MX_USART2_UART_Init)
    i.NVIC_SetPriority                       0x080026fc   Section        0  stm32f2xx_hal_cortex.o(i.NVIC_SetPriority)
    NVIC_SetPriority                         0x080026fd   Thumb Code    32  stm32f2xx_hal_cortex.o(i.NVIC_SetPriority)
    i.PVD_IRQHandler                         0x0800271c   Section        0  stm32f2xx_it.o(i.PVD_IRQHandler)
    i.PendSV_Handler                         0x08002720   Section        0  stm32f2xx_it.o(i.PendSV_Handler)
    i.SVC_Handler                            0x08002722   Section        0  stm32f2xx_it.o(i.SVC_Handler)
    i.SysTick_Handler                        0x08002724   Section        0  stm32f2xx_it.o(i.SysTick_Handler)
    i.SystemClock_Config                     0x08002732   Section        0  main.o(i.SystemClock_Config)
    i.SystemInit                             0x080027a0   Section        0  system_stm32f2xx.o(i.SystemInit)
    i.UART_DMAAbortOnError                   0x080027e8   Section        0  stm32f2xx_hal_uart.o(i.UART_DMAAbortOnError)
    UART_DMAAbortOnError                     0x080027e9   Thumb Code    16  stm32f2xx_hal_uart.o(i.UART_DMAAbortOnError)
    i.UART_DMAError                          0x080027f8   Section        0  stm32f2xx_hal_uart.o(i.UART_DMAError)
    UART_DMAError                            0x080027f9   Thumb Code    74  stm32f2xx_hal_uart.o(i.UART_DMAError)
    i.UART_DMAReceiveCplt                    0x08002842   Section        0  stm32f2xx_hal_uart.o(i.UART_DMAReceiveCplt)
    UART_DMAReceiveCplt                      0x08002843   Thumb Code    60  stm32f2xx_hal_uart.o(i.UART_DMAReceiveCplt)
    i.UART_DMARxHalfCplt                     0x0800287e   Section        0  stm32f2xx_hal_uart.o(i.UART_DMARxHalfCplt)
    UART_DMARxHalfCplt                       0x0800287f   Thumb Code    10  stm32f2xx_hal_uart.o(i.UART_DMARxHalfCplt)
    i.UART_EndRxTransfer                     0x08002888   Section        0  stm32f2xx_hal_uart.o(i.UART_EndRxTransfer)
    UART_EndRxTransfer                       0x08002889   Thumb Code    28  stm32f2xx_hal_uart.o(i.UART_EndRxTransfer)
    i.UART_EndTxTransfer                     0x080028a4   Section        0  stm32f2xx_hal_uart.o(i.UART_EndTxTransfer)
    UART_EndTxTransfer                       0x080028a5   Thumb Code    18  stm32f2xx_hal_uart.o(i.UART_EndTxTransfer)
    i.UART_Receive_IT                        0x080028b6   Section        0  stm32f2xx_hal_uart.o(i.UART_Receive_IT)
    UART_Receive_IT                          0x080028b7   Thumb Code   140  stm32f2xx_hal_uart.o(i.UART_Receive_IT)
    i.UART_SetConfig                         0x08002944   Section        0  stm32f2xx_hal_uart.o(i.UART_SetConfig)
    UART_SetConfig                           0x08002945   Thumb Code   676  stm32f2xx_hal_uart.o(i.UART_SetConfig)
    i.UART_Transmit_IT                       0x08002bf0   Section        0  stm32f2xx_hal_uart.o(i.UART_Transmit_IT)
    UART_Transmit_IT                         0x08002bf1   Thumb Code    98  stm32f2xx_hal_uart.o(i.UART_Transmit_IT)
    i.UART_WaitOnFlagUntilTimeout            0x08002c52   Section        0  stm32f2xx_hal_uart.o(i.UART_WaitOnFlagUntilTimeout)
    UART_WaitOnFlagUntilTimeout              0x08002c53   Thumb Code    98  stm32f2xx_hal_uart.o(i.UART_WaitOnFlagUntilTimeout)
    i.USART2_IRQHandler                      0x08002cb4   Section        0  stm32f2xx_it.o(i.USART2_IRQHandler)
    i.UsartInit                              0x08002ce0   Section        0  usartcommandproc.o(i.UsartInit)
    i.UsartSaveRxDataToProcBuffer            0x08002d04   Section        0  usartcommandproc.o(i.UsartSaveRxDataToProcBuffer)
    i.UserCommandExitCheck                   0x08002d20   Section        0  usartcommandproc.o(i.UserCommandExitCheck)
    i.UserCommandProc                        0x08002d40   Section        0  usartcommandproc.o(i.UserCommandProc)
    i._Error_Handler                         0x08002db0   Section        0  main.o(i._Error_Handler)
    i.__0printf$8                            0x08002db4   Section        0  printf8.o(i.__0printf$8)
    i.__scatterload_copy                     0x08002dd4   Section       14  handlers.o(i.__scatterload_copy)
    i.__scatterload_null                     0x08002de2   Section        2  handlers.o(i.__scatterload_null)
    i.__scatterload_zeroinit                 0x08002de4   Section       14  handlers.o(i.__scatterload_zeroinit)
    i._printf_core                           0x08002df4   Section        0  printf8.o(i._printf_core)
    _printf_core                             0x08002df5   Thumb Code   996  printf8.o(i._printf_core)
    i._printf_post_padding                   0x08003204   Section        0  printf8.o(i._printf_post_padding)
    _printf_post_padding                     0x08003205   Thumb Code    36  printf8.o(i._printf_post_padding)
    i._printf_pre_padding                    0x08003228   Section        0  printf8.o(i._printf_pre_padding)
    _printf_pre_padding                      0x08003229   Thumb Code    46  printf8.o(i._printf_pre_padding)
    i.fputc                                  0x08003258   Section        0  usart.o(i.fputc)
    i.main                                   0x08003270   Section        0  main.o(i.main)
    .constdata                               0x080032c0   Section        8  stm32f2xx_hal_dma.o(.constdata)
    flagBitshiftOffset                       0x080032c0   Data           8  stm32f2xx_hal_dma.o(.constdata)
    .constdata                               0x080032c8   Section       16  system_stm32f2xx.o(.constdata)
    .constdata                               0x080032d8   Section        8  system_stm32f2xx.o(.constdata)
    .data                                    0x20000000   Section        4  stm32f2xx_hal.o(.data)
    .data                                    0x20000004   Section        4  usartcommandproc.o(.data)
    .data                                    0x20000008   Section        4  system_stm32f2xx.o(.data)
    .data                                    0x2000000c   Section        4  stdout.o(.data)
    .bss                                     0x20000010   Section       12  main.o(.bss)
    .bss                                     0x2000001c   Section      276  i2c.o(.bss)
    .bss                                     0x20000130   Section      256  usart.o(.bss)
    .bss                                     0x20000230   Section       32  i2cproc.o(.bss)
    .bss                                     0x20000250   Section      128  usartcommandproc.o(.bss)
    STACK                                    0x200002d0   Section     1024  startup_stm32f207xx.o(STACK)

    Global Symbols

    Symbol Name                              Value     Ov Type        Size  Object(Section)

    BuildAttributes$$THM_ISAv4$P$D$K$B$S$PE$A:L22UL41UL21$X:L11$S22US41US21$IEEE1$IW$USESV6$~STKCKD$USESV7$~SHL$OSPACE$ROPI$EBA8$MICROLIB$REQ8$PRES8$EABIv2 0x00000000   Number         0  anon$$obj.o ABSOLUTE
    __ARM_use_no_argv                        0x00000000   Number         0  main.o ABSOLUTE
    _printf_a                                0x00000000   Number         0  stubs.o ABSOLUTE
    _printf_c                                0x00000000   Number         0  stubs.o ABSOLUTE
    _printf_charcount                        0x00000000   Number         0  stubs.o ABSOLUTE
    _printf_d                                0x00000000   Number         0  stubs.o ABSOLUTE
    _printf_e                                0x00000000   Number         0  stubs.o ABSOLUTE
    _printf_f                                0x00000000   Number         0  stubs.o ABSOLUTE
    _printf_flags                            0x00000000   Number         0  stubs.o ABSOLUTE
    _printf_fp_dec                           0x00000000   Number         0  stubs.o ABSOLUTE
    _printf_fp_hex                           0x00000000   Number         0  stubs.o ABSOLUTE
    _printf_g                                0x00000000   Number         0  stubs.o ABSOLUTE
    _printf_i                                0x00000000   Number         0  stubs.o ABSOLUTE
    _printf_int_dec                          0x00000000   Number         0  stubs.o ABSOLUTE
    _printf_l                                0x00000000   Number         0  stubs.o ABSOLUTE
    _printf_lc                               0x00000000   Number         0  stubs.o ABSOLUTE
    _printf_ll                               0x00000000   Number         0  stubs.o ABSOLUTE
    _printf_lld                              0x00000000   Number         0  stubs.o ABSOLUTE
    _printf_lli                              0x00000000   Number         0  stubs.o ABSOLUTE
    _printf_llo                              0x00000000   Number         0  stubs.o ABSOLUTE
    _printf_llu                              0x00000000   Number         0  stubs.o ABSOLUTE
    _printf_llx                              0x00000000   Number         0  stubs.o ABSOLUTE
    _printf_longlong_dec                     0x00000000   Number         0  stubs.o ABSOLUTE
    _printf_longlong_hex                     0x00000000   Number         0  stubs.o ABSOLUTE
    _printf_longlong_oct                     0x00000000   Number         0  stubs.o ABSOLUTE
    _printf_ls                               0x00000000   Number         0  stubs.o ABSOLUTE
    _printf_mbtowc                           0x00000000   Number         0  stubs.o ABSOLUTE
    _printf_n                                0x00000000   Number         0  stubs.o ABSOLUTE
    _printf_o                                0x00000000   Number         0  stubs.o ABSOLUTE
    _printf_p                                0x00000000   Number         0  stubs.o ABSOLUTE
    _printf_percent                          0x00000000   Number         0  stubs.o ABSOLUTE
    _printf_pre_padding                      0x00000000   Number         0  stubs.o ABSOLUTE
    _printf_return_value                     0x00000000   Number         0  stubs.o ABSOLUTE
    _printf_s                                0x00000000   Number         0  stubs.o ABSOLUTE
    _printf_sizespec                         0x00000000   Number         0  stubs.o ABSOLUTE
    _printf_str                              0x00000000   Number         0  stubs.o ABSOLUTE
    _printf_truncate_signed                  0x00000000   Number         0  stubs.o ABSOLUTE
    _printf_truncate_unsigned                0x00000000   Number         0  stubs.o ABSOLUTE
    _printf_u                                0x00000000   Number         0  stubs.o ABSOLUTE
    _printf_wc                               0x00000000   Number         0  stubs.o ABSOLUTE
    _printf_wctomb                           0x00000000   Number         0  stubs.o ABSOLUTE
    _printf_widthprec                        0x00000000   Number         0  stubs.o ABSOLUTE
    _printf_x                                0x00000000   Number         0  stubs.o ABSOLUTE
    __cpp_initialize__aeabi_                  - Undefined Weak Reference
    __cxa_finalize                            - Undefined Weak Reference
    __decompress                              - Undefined Weak Reference
    _clock_init                               - Undefined Weak Reference
    _microlib_exit                            - Undefined Weak Reference
    __Vectors_Size                           0x00000184   Number         0  startup_stm32f207xx.o ABSOLUTE
    __Vectors                                0x08000000   Data           4  startup_stm32f207xx.o(RESET)
    __Vectors_End                            0x08000184   Data           0  startup_stm32f207xx.o(RESET)
    __main                                   0x08000185   Thumb Code     0  entry.o(.ARM.Collect$$$$00000000)
    _main_stk                                0x08000185   Thumb Code     0  entry2.o(.ARM.Collect$$$$00000001)
    _main_scatterload                        0x08000189   Thumb Code     0  entry5.o(.ARM.Collect$$$$00000004)
    __main_after_scatterload                 0x0800018d   Thumb Code     0  entry5.o(.ARM.Collect$$$$00000004)
    _main_clock                              0x0800018d   Thumb Code     0  entry7b.o(.ARM.Collect$$$$00000008)
    _main_cpp_init                           0x0800018d   Thumb Code     0  entry8b.o(.ARM.Collect$$$$0000000A)
    _main_init                               0x0800018d   Thumb Code     0  entry9a.o(.ARM.Collect$$$$0000000B)
    __rt_final_cpp                           0x08000195   Thumb Code     0  entry10a.o(.ARM.Collect$$$$0000000D)
    __rt_final_exit                          0x08000195   Thumb Code     0  entry11a.o(.ARM.Collect$$$$0000000F)
    Reset_Handler                            0x08000199   Thumb Code     8  startup_stm32f207xx.o(.text)
    NMI_Handler                              0x080001a1   Thumb Code     2  startup_stm32f207xx.o(.text)
    HardFault_Handler                        0x080001a3   Thumb Code     2  startup_stm32f207xx.o(.text)
    MemManage_Handler                        0x080001a5   Thumb Code     2  startup_stm32f207xx.o(.text)
    BusFault_Handler                         0x080001a7   Thumb Code     2  startup_stm32f207xx.o(.text)
    UsageFault_Handler                       0x080001a9   Thumb Code     2  startup_stm32f207xx.o(.text)
    DebugMon_Handler                         0x080001ad   Thumb Code     2  startup_stm32f207xx.o(.text)
    ADC_IRQHandler                           0x080001b3   Thumb Code     0  startup_stm32f207xx.o(.text)
    CAN1_RX0_IRQHandler                      0x080001b3   Thumb Code     0  startup_stm32f207xx.o(.text)
    CAN1_RX1_IRQHandler                      0x080001b3   Thumb Code     0  startup_stm32f207xx.o(.text)
    CAN1_SCE_IRQHandler                      0x080001b3   Thumb Code     0  startup_stm32f207xx.o(.text)
    CAN1_TX_IRQHandler                       0x080001b3   Thumb Code     0  startup_stm32f207xx.o(.text)
    CAN2_RX0_IRQHandler                      0x080001b3   Thumb Code     0  startup_stm32f207xx.o(.text)
    CAN2_RX1_IRQHandler                      0x080001b3   Thumb Code     0  startup_stm32f207xx.o(.text)
    CAN2_SCE_IRQHandler                      0x080001b3   Thumb Code     0  startup_stm32f207xx.o(.text)
    CAN2_TX_IRQHandler                       0x080001b3   Thumb Code     0  startup_stm32f207xx.o(.text)
    DCMI_IRQHandler                          0x080001b3   Thumb Code     0  startup_stm32f207xx.o(.text)
    DMA1_Stream1_IRQHandler                  0x080001b3   Thumb Code     0  startup_stm32f207xx.o(.text)
    DMA1_Stream2_IRQHandler                  0x080001b3   Thumb Code     0  startup_stm32f207xx.o(.text)
    DMA1_Stream3_IRQHandler                  0x080001b3   Thumb Code     0  startup_stm32f207xx.o(.text)
    DMA1_Stream4_IRQHandler                  0x080001b3   Thumb Code     0  startup_stm32f207xx.o(.text)
    DMA2_Stream0_IRQHandler                  0x080001b3   Thumb Code     0  startup_stm32f207xx.o(.text)
    DMA2_Stream1_IRQHandler                  0x080001b3   Thumb Code     0  startup_stm32f207xx.o(.text)
    DMA2_Stream2_IRQHandler                  0x080001b3   Thumb Code     0  startup_stm32f207xx.o(.text)
    DMA2_Stream3_IRQHandler                  0x080001b3   Thumb Code     0  startup_stm32f207xx.o(.text)
    DMA2_Stream4_IRQHandler                  0x080001b3   Thumb Code     0  startup_stm32f207xx.o(.text)
    DMA2_Stream5_IRQHandler                  0x080001b3   Thumb Code     0  startup_stm32f207xx.o(.text)
    DMA2_Stream6_IRQHandler                  0x080001b3   Thumb Code     0  startup_stm32f207xx.o(.text)
    DMA2_Stream7_IRQHandler                  0x080001b3   Thumb Code     0  startup_stm32f207xx.o(.text)
    ETH_IRQHandler                           0x080001b3   Thumb Code     0  startup_stm32f207xx.o(.text)
    ETH_WKUP_IRQHandler                      0x080001b3   Thumb Code     0  startup_stm32f207xx.o(.text)
    EXTI0_IRQHandler                         0x080001b3   Thumb Code     0  startup_stm32f207xx.o(.text)
    EXTI15_10_IRQHandler                     0x080001b3   Thumb Code     0  startup_stm32f207xx.o(.text)
    EXTI1_IRQHandler                         0x080001b3   Thumb Code     0  startup_stm32f207xx.o(.text)
    EXTI2_IRQHandler                         0x080001b3   Thumb Code     0  startup_stm32f207xx.o(.text)
    EXTI3_IRQHandler                         0x080001b3   Thumb Code     0  startup_stm32f207xx.o(.text)
    EXTI4_IRQHandler                         0x080001b3   Thumb Code     0  startup_stm32f207xx.o(.text)
    EXTI9_5_IRQHandler                       0x080001b3   Thumb Code     0  startup_stm32f207xx.o(.text)
    FLASH_IRQHandler                         0x080001b3   Thumb Code     0  startup_stm32f207xx.o(.text)
    FSMC_IRQHandler                          0x080001b3   Thumb Code     0  startup_stm32f207xx.o(.text)
    HASH_RNG_IRQHandler                      0x080001b3   Thumb Code     0  startup_stm32f207xx.o(.text)
    I2C2_ER_IRQHandler                       0x080001b3   Thumb Code     0  startup_stm32f207xx.o(.text)
    I2C2_EV_IRQHandler                       0x080001b3   Thumb Code     0  startup_stm32f207xx.o(.text)
    I2C3_ER_IRQHandler                       0x080001b3   Thumb Code     0  startup_stm32f207xx.o(.text)
    I2C3_EV_IRQHandler                       0x080001b3   Thumb Code     0  startup_stm32f207xx.o(.text)
    OTG_FS_IRQHandler                        0x080001b3   Thumb Code     0  startup_stm32f207xx.o(.text)
    OTG_FS_WKUP_IRQHandler                   0x080001b3   Thumb Code     0  startup_stm32f207xx.o(.text)
    OTG_HS_EP1_IN_IRQHandler                 0x080001b3   Thumb Code     0  startup_stm32f207xx.o(.text)
    OTG_HS_EP1_OUT_IRQHandler                0x080001b3   Thumb Code     0  startup_stm32f207xx.o(.text)
    OTG_HS_IRQHandler                        0x080001b3   Thumb Code     0  startup_stm32f207xx.o(.text)
    OTG_HS_WKUP_IRQHandler                   0x080001b3   Thumb Code     0  startup_stm32f207xx.o(.text)
    RCC_IRQHandler                           0x080001b3   Thumb Code     0  startup_stm32f207xx.o(.text)
    RTC_Alarm_IRQHandler                     0x080001b3   Thumb Code     0  startup_stm32f207xx.o(.text)
    RTC_WKUP_IRQHandler                      0x080001b3   Thumb Code     0  startup_stm32f207xx.o(.text)
    SDIO_IRQHandler                          0x080001b3   Thumb Code     0  startup_stm32f207xx.o(.text)
    SPI1_IRQHandler                          0x080001b3   Thumb Code     0  startup_stm32f207xx.o(.text)
    SPI2_IRQHandler                          0x080001b3   Thumb Code     0  startup_stm32f207xx.o(.text)
    SPI3_IRQHandler                          0x080001b3   Thumb Code     0  startup_stm32f207xx.o(.text)
    TAMP_STAMP_IRQHandler                    0x080001b3   Thumb Code     0  startup_stm32f207xx.o(.text)
    TIM1_BRK_TIM9_IRQHandler                 0x080001b3   Thumb Code     0  startup_stm32f207xx.o(.text)
    TIM1_CC_IRQHandler                       0x080001b3   Thumb Code     0  startup_stm32f207xx.o(.text)
    TIM1_TRG_COM_TIM11_IRQHandler            0x080001b3   Thumb Code     0  startup_stm32f207xx.o(.text)
    TIM1_UP_TIM10_IRQHandler                 0x080001b3   Thumb Code     0  startup_stm32f207xx.o(.text)
    TIM2_IRQHandler                          0x080001b3   Thumb Code     0  startup_stm32f207xx.o(.text)
    TIM3_IRQHandler                          0x080001b3   Thumb Code     0  startup_stm32f207xx.o(.text)
    TIM4_IRQHandler                          0x080001b3   Thumb Code     0  startup_stm32f207xx.o(.text)
    TIM5_IRQHandler                          0x080001b3   Thumb Code     0  startup_stm32f207xx.o(.text)
    TIM6_DAC_IRQHandler                      0x080001b3   Thumb Code     0  startup_stm32f207xx.o(.text)
    TIM7_IRQHandler                          0x080001b3   Thumb Code     0  startup_stm32f207xx.o(.text)
    TIM8_BRK_TIM12_IRQHandler                0x080001b3   Thumb Code     0  startup_stm32f207xx.o(.text)
    TIM8_CC_IRQHandler                       0x080001b3   Thumb Code     0  startup_stm32f207xx.o(.text)
    TIM8_TRG_COM_TIM14_IRQHandler            0x080001b3   Thumb Code     0  startup_stm32f207xx.o(.text)
    TIM8_UP_TIM13_IRQHandler                 0x080001b3   Thumb Code     0  startup_stm32f207xx.o(.text)
    UART4_IRQHandler                         0x080001b3   Thumb Code     0  startup_stm32f207xx.o(.text)
    UART5_IRQHandler                         0x080001b3   Thumb Code     0  startup_stm32f207xx.o(.text)
    USART1_IRQHandler                        0x080001b3   Thumb Code     0  startup_stm32f207xx.o(.text)
    USART3_IRQHandler                        0x080001b3   Thumb Code     0  startup_stm32f207xx.o(.text)
    USART6_IRQHandler                        0x080001b3   Thumb Code     0  startup_stm32f207xx.o(.text)
    WWDG_IRQHandler                          0x080001b3   Thumb Code     0  startup_stm32f207xx.o(.text)
    __aeabi_uldivmod                         0x080001bd   Thumb Code    98  uldiv.o(.text)
    __aeabi_llsl                             0x0800021f   Thumb Code    30  llshl.o(.text)
    _ll_shift_l                              0x0800021f   Thumb Code     0  llshl.o(.text)
    __aeabi_llsr                             0x0800023d   Thumb Code    32  llushr.o(.text)
    _ll_ushift_r                             0x0800023d   Thumb Code     0  llushr.o(.text)
    __scatterload                            0x0800025d   Thumb Code    28  init.o(.text)
    __scatterload_rt2                        0x0800025d   Thumb Code     0  init.o(.text)
    CommandFormatCheck                       0x08000281   Thumb Code    26  usartcommandproc.o(i.CommandFormatCheck)
    CommandProcUpdate                        0x0800029d   Thumb Code    14  usartcommandproc.o(i.CommandProcUpdate)
    DMA1_Stream0_IRQHandler                  0x080002ed   Thumb Code     6  stm32f2xx_it.o(i.DMA1_Stream0_IRQHandler)
    DMA1_Stream5_IRQHandler                  0x080002f9   Thumb Code     6  stm32f2xx_it.o(i.DMA1_Stream5_IRQHandler)
    DMA1_Stream6_IRQHandler                  0x08000305   Thumb Code     6  stm32f2xx_it.o(i.DMA1_Stream6_IRQHandler)
    DMA1_Stream7_IRQHandler                  0x08000311   Thumb Code     6  stm32f2xx_it.o(i.DMA1_Stream7_IRQHandler)
    HAL_DMA_Abort                            0x080003c1   Thumb Code   142  stm32f2xx_hal_dma.o(i.HAL_DMA_Abort)
    HAL_DMA_Abort_IT                         0x0800044f   Thumb Code    36  stm32f2xx_hal_dma.o(i.HAL_DMA_Abort_IT)
    HAL_DMA_GetError                         0x08000473   Thumb Code     4  stm32f2xx_hal_dma.o(i.HAL_DMA_GetError)
    HAL_DMA_IRQHandler                       0x08000479   Thumb Code   412  stm32f2xx_hal_dma.o(i.HAL_DMA_IRQHandler)
    HAL_DMA_Init                             0x08000619   Thumb Code   206  stm32f2xx_hal_dma.o(i.HAL_DMA_Init)
    HAL_DMA_Start_IT                         0x080006ed   Thumb Code   120  stm32f2xx_hal_dma.o(i.HAL_DMA_Start_IT)
    HAL_GPIO_Init                            0x08000765   Thumb Code   412  stm32f2xx_hal_gpio.o(i.HAL_GPIO_Init)
    HAL_GPIO_WritePin                        0x08000931   Thumb Code    10  stm32f2xx_hal_gpio.o(i.HAL_GPIO_WritePin)
    HAL_GetTick                              0x0800093d   Thumb Code     6  stm32f2xx_hal.o(i.HAL_GetTick)
    HAL_I2C_AbortCpltCallback                0x08000949   Thumb Code     2  stm32f2xx_hal_i2c.o(i.HAL_I2C_AbortCpltCallback)
    HAL_I2C_AddrCallback                     0x0800094b   Thumb Code     2  stm32f2xx_hal_i2c.o(i.HAL_I2C_AddrCallback)
    HAL_I2C_ER_IRQHandler                    0x0800094d   Thumb Code   192  stm32f2xx_hal_i2c.o(i.HAL_I2C_ER_IRQHandler)
    HAL_I2C_EV_IRQHandler                    0x08000a11   Thumb Code   486  stm32f2xx_hal_i2c.o(i.HAL_I2C_EV_IRQHandler)
    HAL_I2C_ErrorCallback                    0x08000c01   Thumb Code     2  stm32f2xx_hal_i2c.o(i.HAL_I2C_ErrorCallback)
    HAL_I2C_Init                             0x08000c05   Thumb Code   254  stm32f2xx_hal_i2c.o(i.HAL_I2C_Init)
    HAL_I2C_ListenCpltCallback               0x08000d0d   Thumb Code     2  stm32f2xx_hal_i2c.o(i.HAL_I2C_ListenCpltCallback)
    HAL_I2C_MasterRxCpltCallback             0x08000d0f   Thumb Code     2  stm32f2xx_hal_i2c.o(i.HAL_I2C_MasterRxCpltCallback)
    HAL_I2C_MasterTxCpltCallback             0x08000d11   Thumb Code     2  stm32f2xx_hal_i2c.o(i.HAL_I2C_MasterTxCpltCallback)
    HAL_I2C_Master_Receive_DMA               0x08000d15   Thumb Code   278  stm32f2xx_hal_i2c.o(i.HAL_I2C_Master_Receive_DMA)
    HAL_I2C_MemRxCpltCallback                0x08000e3d   Thumb Code     2  stm32f2xx_hal_i2c.o(i.HAL_I2C_MemRxCpltCallback)
    HAL_I2C_MemTxCpltCallback                0x08000e3f   Thumb Code     2  stm32f2xx_hal_i2c.o(i.HAL_I2C_MemTxCpltCallback)
    HAL_I2C_MspInit                          0x08000e41   Thumb Code   220  i2c.o(i.HAL_I2C_MspInit)
    HAL_I2C_SlaveRxCpltCallback              0x08000f41   Thumb Code     2  stm32f2xx_hal_i2c.o(i.HAL_I2C_SlaveRxCpltCallback)
    HAL_I2C_SlaveTxCpltCallback              0x08000f43   Thumb Code     2  stm32f2xx_hal_i2c.o(i.HAL_I2C_SlaveTxCpltCallback)
    HAL_IncTick                              0x08000f45   Thumb Code    10  stm32f2xx_hal.o(i.HAL_IncTick)
    HAL_Init                                 0x08000f55   Thumb Code    48  stm32f2xx_hal.o(i.HAL_Init)
    HAL_InitTick                             0x08000f89   Thumb Code    34  stm32f2xx_hal.o(i.HAL_InitTick)
    HAL_MspInit                              0x08000fb1   Thumb Code   142  stm32f2xx_hal_msp.o(i.HAL_MspInit)
    HAL_NVIC_EnableIRQ                       0x08001045   Thumb Code    22  stm32f2xx_hal_cortex.o(i.HAL_NVIC_EnableIRQ)
    HAL_NVIC_SetPriority                     0x0800105d   Thumb Code    60  stm32f2xx_hal_cortex.o(i.HAL_NVIC_SetPriority)
    HAL_NVIC_SetPriorityGrouping             0x0800109d   Thumb Code    26  stm32f2xx_hal_cortex.o(i.HAL_NVIC_SetPriorityGrouping)
    HAL_PWR_PVDCallback                      0x080010c1   Thumb Code     2  stm32f2xx_hal_pwr.o(i.HAL_PWR_PVDCallback)
    HAL_PWR_PVD_IRQHandler                   0x080010c5   Thumb Code    22  stm32f2xx_hal_pwr.o(i.HAL_PWR_PVD_IRQHandler)
    HAL_RCC_ClockConfig                      0x080010e1   Thumb Code   292  stm32f2xx_hal_rcc.o(i.HAL_RCC_ClockConfig)
    HAL_RCC_GetHCLKFreq                      0x08001215   Thumb Code     6  stm32f2xx_hal_rcc.o(i.HAL_RCC_GetHCLKFreq)
    HAL_RCC_GetPCLK1Freq                     0x08001221   Thumb Code    34  stm32f2xx_hal_rcc.o(i.HAL_RCC_GetPCLK1Freq)
    HAL_RCC_GetPCLK2Freq                     0x08001251   Thumb Code    34  stm32f2xx_hal_rcc.o(i.HAL_RCC_GetPCLK2Freq)
    HAL_RCC_GetSysClockFreq                  0x08001281   Thumb Code    88  stm32f2xx_hal_rcc.o(i.HAL_RCC_GetSysClockFreq)
    HAL_RCC_OscConfig                        0x080012e1   Thumb Code   730  stm32f2xx_hal_rcc.o(i.HAL_RCC_OscConfig)
    HAL_SYSTICK_CLKSourceConfig              0x080015d1   Thumb Code    24  stm32f2xx_hal_cortex.o(i.HAL_SYSTICK_CLKSourceConfig)
    HAL_SYSTICK_Callback                     0x080015e9   Thumb Code     2  stm32f2xx_hal_cortex.o(i.HAL_SYSTICK_Callback)
    HAL_SYSTICK_Config                       0x080015eb   Thumb Code    40  stm32f2xx_hal_cortex.o(i.HAL_SYSTICK_Config)
    HAL_SYSTICK_IRQHandler                   0x08001613   Thumb Code     8  stm32f2xx_hal_cortex.o(i.HAL_SYSTICK_IRQHandler)
    HAL_UART_DMAStop                         0x0800161b   Thumb Code    88  stm32f2xx_hal_uart.o(i.HAL_UART_DMAStop)
    HAL_UART_ErrorCallback                   0x08001673   Thumb Code     2  stm32f2xx_hal_uart.o(i.HAL_UART_ErrorCallback)
    HAL_UART_IRQHandler                      0x08001675   Thumb Code   266  stm32f2xx_hal_uart.o(i.HAL_UART_IRQHandler)
    HAL_UART_Init                            0x08001785   Thumb Code    98  stm32f2xx_hal_uart.o(i.HAL_UART_Init)
    HAL_UART_MspInit                         0x080017e9   Thumb Code   196  usart.o(i.HAL_UART_MspInit)
    HAL_UART_Receive_DMA                     0x080018d1   Thumb Code   138  stm32f2xx_hal_uart.o(i.HAL_UART_Receive_DMA)
    HAL_UART_RxCpltCallback                  0x08001969   Thumb Code    70  usartcommandproc.o(i.HAL_UART_RxCpltCallback)
    HAL_UART_RxHalfCpltCallback              0x080019dd   Thumb Code     2  stm32f2xx_hal_uart.o(i.HAL_UART_RxHalfCpltCallback)
    HAL_UART_Transmit                        0x080019df   Thumb Code   186  stm32f2xx_hal_uart.o(i.HAL_UART_Transmit)
    HAL_UART_TxCpltCallback                  0x08001a99   Thumb Code     2  stm32f2xx_hal_uart.o(i.HAL_UART_TxCpltCallback)
    I2C1_ER_IRQHandler                       0x08001a9d   Thumb Code     6  stm32f2xx_it.o(i.I2C1_ER_IRQHandler)
    I2C1_EV_IRQHandler                       0x08001aa9   Thumb Code     6  stm32f2xx_it.o(i.I2C1_EV_IRQHandler)
    I2CProcCheck                             0x08001ab5   Thumb Code    42  i2cproc.o(i.I2CProcCheck)
    I2CReadDataUpdate                        0x08001b59   Thumb Code    42  i2cproc.o(i.I2CReadDataUpdate)
    I2CReadFromSlave                         0x08001b9d   Thumb Code    66  i2cproc.o(i.I2CReadFromSlave)
    I2CSlaveProc                             0x08001be9   Thumb Code    38  usartcommandproc.o(i.I2CSlaveProc)
    I2CWork                                  0x08001c15   Thumb Code    16  i2cproc.o(i.I2CWork)
    MX_DMA_Init                              0x080023c9   Thumb Code    88  dma.o(i.MX_DMA_Init)
    MX_GPIO_Init                             0x08002425   Thumb Code   532  gpio.o(i.MX_GPIO_Init)
    MX_I2C1_Init                             0x0800265d   Thumb Code    56  i2c.o(i.MX_I2C1_Init)
    MX_USART2_UART_Init                      0x080026b1   Thumb Code    52  usart.o(i.MX_USART2_UART_Init)
    PVD_IRQHandler                           0x0800271d   Thumb Code     4  stm32f2xx_it.o(i.PVD_IRQHandler)
    PendSV_Handler                           0x08002721   Thumb Code     2  stm32f2xx_it.o(i.PendSV_Handler)
    SVC_Handler                              0x08002723   Thumb Code     2  stm32f2xx_it.o(i.SVC_Handler)
    SysTick_Handler                          0x08002725   Thumb Code    14  stm32f2xx_it.o(i.SysTick_Handler)
    SystemClock_Config                       0x08002733   Thumb Code   110  main.o(i.SystemClock_Config)
    SystemInit                               0x080027a1   Thumb Code    54  system_stm32f2xx.o(i.SystemInit)
    USART2_IRQHandler                        0x08002cb5   Thumb Code    18  stm32f2xx_it.o(i.USART2_IRQHandler)
    UsartInit                                0x08002ce1   Thumb Code    26  usartcommandproc.o(i.UsartInit)
    UsartSaveRxDataToProcBuffer              0x08002d05   Thumb Code    24  usartcommandproc.o(i.UsartSaveRxDataToProcBuffer)
    UserCommandExitCheck                     0x08002d21   Thumb Code    22  usartcommandproc.o(i.UserCommandExitCheck)
    UserCommandProc                          0x08002d41   Thumb Code    80  usartcommandproc.o(i.UserCommandProc)
    _Error_Handler                           0x08002db1   Thumb Code     2  main.o(i._Error_Handler)
    __0printf$8                              0x08002db5   Thumb Code    22  printf8.o(i.__0printf$8)
    __1printf$8                              0x08002db5   Thumb Code     0  printf8.o(i.__0printf$8)
    __2printf                                0x08002db5   Thumb Code     0  printf8.o(i.__0printf$8)
    __scatterload_copy                       0x08002dd5   Thumb Code    14  handlers.o(i.__scatterload_copy)
    __scatterload_null                       0x08002de3   Thumb Code     2  handlers.o(i.__scatterload_null)
    __scatterload_zeroinit                   0x08002de5   Thumb Code    14  handlers.o(i.__scatterload_zeroinit)
    fputc                                    0x08003259   Thumb Code    20  usart.o(i.fputc)
    main                                     0x08003271   Thumb Code    56  main.o(i.main)
    AHBPrescTable                            0x080032c8   Data          16  system_stm32f2xx.o(.constdata)
    APBPrescTable                            0x080032d8   Data           8  system_stm32f2xx.o(.constdata)
    Region$$Table$$Base                      0x080032e0   Number         0  anon$$obj.o(Region$$Table)
    Region$$Table$$Limit                     0x08003300   Number         0  anon$$obj.o(Region$$Table)
    uwTick                                   0x20000000   Data           4  stm32f2xx_hal.o(.data)
    gUsartRxBytes                            0x20000004   Data           4  usartcommandproc.o(.data)
    SystemCoreClock                          0x20000008   Data           4  system_stm32f2xx.o(.data)
    __stdout                                 0x2000000c   Data           4  stdout.o(.data)
    __workMode                               0x20000010   Data          12  main.o(.bss)
    hi2c1                                    0x2000001c   Data          84  i2c.o(.bss)
    hdma_i2c1_rx                             0x20000070   Data          96  i2c.o(.bss)
    hdma_i2c1_tx                             0x200000d0   Data          96  i2c.o(.bss)
    huart2                                   0x20000130   Data          64  usart.o(.bss)
    hdma_usart2_rx                           0x20000170   Data          96  usart.o(.bss)
    hdma_usart2_tx                           0x200001d0   Data          96  usart.o(.bss)
    gI2CReadBuff                             0x20000230   Data          32  i2cproc.o(.bss)
    gUsartProcBuffer                         0x20000250   Data          64  usartcommandproc.o(.bss)
    gUsartRxBuffer                           0x20000290   Data          64  usartcommandproc.o(.bss)
    __initial_sp                             0x200006d0   Data           0  startup_stm32f207xx.o(STACK)



==============================================================================

Memory Map of the image

  Image Entry point : 0x08000185

  Load Region LR_IROM1 (Base: 0x08000000, Size: 0x00003310, Max: 0x00100000, ABSOLUTE)

    Execution Region ER_IROM1 (Base: 0x08000000, Size: 0x00003300, Max: 0x00100000, ABSOLUTE)

    Base Addr    Size         Type   Attr      Idx    E Section Name        Object

    0x08000000   0x00000184   Data   RO            3    RESET               startup_stm32f207xx.o
    0x08000184   0x00000000   Code   RO         2309  * .ARM.Collect$$$$00000000  mc_w.l(entry.o)
    0x08000184   0x00000004   Code   RO         2575    .ARM.Collect$$$$00000001  mc_w.l(entry2.o)
    0x08000188   0x00000004   Code   RO         2578    .ARM.Collect$$$$00000004  mc_w.l(entry5.o)
    0x0800018c   0x00000000   Code   RO         2580    .ARM.Collect$$$$00000008  mc_w.l(entry7b.o)
    0x0800018c   0x00000000   Code   RO         2582    .ARM.Collect$$$$0000000A  mc_w.l(entry8b.o)
    0x0800018c   0x00000008   Code   RO         2583    .ARM.Collect$$$$0000000B  mc_w.l(entry9a.o)
    0x08000194   0x00000000   Code   RO         2585    .ARM.Collect$$$$0000000D  mc_w.l(entry10a.o)
    0x08000194   0x00000000   Code   RO         2587    .ARM.Collect$$$$0000000F  mc_w.l(entry11a.o)
    0x08000194   0x00000004   Code   RO         2576    .ARM.Collect$$$$00002712  mc_w.l(entry2.o)
    0x08000198   0x00000024   Code   RO            4    .text               startup_stm32f207xx.o
    0x080001bc   0x00000062   Code   RO         2312    .text               mc_w.l(uldiv.o)
    0x0800021e   0x0000001e   Code   RO         2592    .text               mc_w.l(llshl.o)
    0x0800023c   0x00000020   Code   RO         2594    .text               mc_w.l(llushr.o)
    0x0800025c   0x00000024   Code   RO         2607    .text               mc_w.l(init.o)
    0x08000280   0x0000001a   Code   RO         2195    i.CommandFormatCheck  usartcommandproc.o
    0x0800029a   0x00000002   PAD
    0x0800029c   0x00000050   Code   RO         2196    i.CommandProcUpdate  usartcommandproc.o
    0x080002ec   0x0000000c   Code   RO         2031    i.DMA1_Stream0_IRQHandler  stm32f2xx_it.o
    0x080002f8   0x0000000c   Code   RO         2032    i.DMA1_Stream5_IRQHandler  stm32f2xx_it.o
    0x08000304   0x0000000c   Code   RO         2033    i.DMA1_Stream6_IRQHandler  stm32f2xx_it.o
    0x08000310   0x0000000c   Code   RO         2034    i.DMA1_Stream7_IRQHandler  stm32f2xx_it.o
    0x0800031c   0x00000028   Code   RO         1684    i.DMA_CalcBaseAndBitshift  stm32f2xx_hal_dma.o
    0x08000344   0x00000054   Code   RO         1685    i.DMA_CheckFifoParam  stm32f2xx_hal_dma.o
    0x08000398   0x00000028   Code   RO         1686    i.DMA_SetConfig     stm32f2xx_hal_dma.o
    0x080003c0   0x0000008e   Code   RO         1687    i.HAL_DMA_Abort     stm32f2xx_hal_dma.o
    0x0800044e   0x00000024   Code   RO         1688    i.HAL_DMA_Abort_IT  stm32f2xx_hal_dma.o
    0x08000472   0x00000004   Code   RO         1690    i.HAL_DMA_GetError  stm32f2xx_hal_dma.o
    0x08000476   0x00000002   PAD
    0x08000478   0x000001a0   Code   RO         1692    i.HAL_DMA_IRQHandler  stm32f2xx_hal_dma.o
    0x08000618   0x000000d4   Code   RO         1693    i.HAL_DMA_Init      stm32f2xx_hal_dma.o
    0x080006ec   0x00000078   Code   RO         1697    i.HAL_DMA_Start_IT  stm32f2xx_hal_dma.o
    0x08000764   0x000001cc   Code   RO         1621    i.HAL_GPIO_Init     stm32f2xx_hal_gpio.o
    0x08000930   0x0000000a   Code   RO         1625    i.HAL_GPIO_WritePin  stm32f2xx_hal_gpio.o
    0x0800093a   0x00000002   PAD
    0x0800093c   0x0000000c   Code   RO          871    i.HAL_GetTick       stm32f2xx_hal.o
    0x08000948   0x00000002   Code   RO           13    i.HAL_I2C_AbortCpltCallback  stm32f2xx_hal_i2c.o
    0x0800094a   0x00000002   Code   RO           14    i.HAL_I2C_AddrCallback  stm32f2xx_hal_i2c.o
    0x0800094c   0x000000c4   Code   RO           17    i.HAL_I2C_ER_IRQHandler  stm32f2xx_hal_i2c.o
    0x08000a10   0x000001f0   Code   RO           18    i.HAL_I2C_EV_IRQHandler  stm32f2xx_hal_i2c.o
    0x08000c00   0x00000002   Code   RO           20    i.HAL_I2C_ErrorCallback  stm32f2xx_hal_i2c.o
    0x08000c02   0x00000002   PAD
    0x08000c04   0x00000108   Code   RO           24    i.HAL_I2C_Init      stm32f2xx_hal_i2c.o
    0x08000d0c   0x00000002   Code   RO           26    i.HAL_I2C_ListenCpltCallback  stm32f2xx_hal_i2c.o
    0x08000d0e   0x00000002   Code   RO           27    i.HAL_I2C_MasterRxCpltCallback  stm32f2xx_hal_i2c.o
    0x08000d10   0x00000002   Code   RO           28    i.HAL_I2C_MasterTxCpltCallback  stm32f2xx_hal_i2c.o
    0x08000d12   0x00000002   PAD
    0x08000d14   0x00000128   Code   RO           31    i.HAL_I2C_Master_Receive_DMA  stm32f2xx_hal_i2c.o
    0x08000e3c   0x00000002   Code   RO           38    i.HAL_I2C_MemRxCpltCallback  stm32f2xx_hal_i2c.o
    0x08000e3e   0x00000002   Code   RO           39    i.HAL_I2C_MemTxCpltCallback  stm32f2xx_hal_i2c.o
    0x08000e40   0x00000100   Code   RO         1942    i.HAL_I2C_MspInit   i2c.o
    0x08000f40   0x00000002   Code   RO           48    i.HAL_I2C_SlaveRxCpltCallback  stm32f2xx_hal_i2c.o
    0x08000f42   0x00000002   Code   RO           49    i.HAL_I2C_SlaveTxCpltCallback  stm32f2xx_hal_i2c.o
    0x08000f44   0x00000010   Code   RO          873    i.HAL_IncTick       stm32f2xx_hal.o
    0x08000f54   0x00000034   Code   RO          874    i.HAL_Init          stm32f2xx_hal.o
    0x08000f88   0x00000028   Code   RO          875    i.HAL_InitTick      stm32f2xx_hal.o
    0x08000fb0   0x00000094   Code   RO         2119    i.HAL_MspInit       stm32f2xx_hal_msp.o
    0x08001044   0x00000016   Code   RO         1148    i.HAL_NVIC_EnableIRQ  stm32f2xx_hal_cortex.o
    0x0800105a   0x00000002   PAD
    0x0800105c   0x00000040   Code   RO         1154    i.HAL_NVIC_SetPriority  stm32f2xx_hal_cortex.o
    0x0800109c   0x00000024   Code   RO         1155    i.HAL_NVIC_SetPriorityGrouping  stm32f2xx_hal_cortex.o
    0x080010c0   0x00000002   Code   RO         1471    i.HAL_PWR_PVDCallback  stm32f2xx_hal_pwr.o
    0x080010c2   0x00000002   PAD
    0x080010c4   0x0000001c   Code   RO         1472    i.HAL_PWR_PVD_IRQHandler  stm32f2xx_hal_pwr.o
    0x080010e0   0x00000134   Code   RO         1012    i.HAL_RCC_ClockConfig  stm32f2xx_hal_rcc.o
    0x08001214   0x0000000c   Code   RO         1017    i.HAL_RCC_GetHCLKFreq  stm32f2xx_hal_rcc.o
    0x08001220   0x00000030   Code   RO         1019    i.HAL_RCC_GetPCLK1Freq  stm32f2xx_hal_rcc.o
    0x08001250   0x00000030   Code   RO         1020    i.HAL_RCC_GetPCLK2Freq  stm32f2xx_hal_rcc.o
    0x08001280   0x00000060   Code   RO         1021    i.HAL_RCC_GetSysClockFreq  stm32f2xx_hal_rcc.o
    0x080012e0   0x000002f0   Code   RO         1024    i.HAL_RCC_OscConfig  stm32f2xx_hal_rcc.o
    0x080015d0   0x00000018   Code   RO         1157    i.HAL_SYSTICK_CLKSourceConfig  stm32f2xx_hal_cortex.o
    0x080015e8   0x00000002   Code   RO         1158    i.HAL_SYSTICK_Callback  stm32f2xx_hal_cortex.o
    0x080015ea   0x00000028   Code   RO         1159    i.HAL_SYSTICK_Config  stm32f2xx_hal_cortex.o
    0x08001612   0x00000008   Code   RO         1160    i.HAL_SYSTICK_IRQHandler  stm32f2xx_hal_cortex.o
    0x0800161a   0x00000058   Code   RO          551    i.HAL_UART_DMAStop  stm32f2xx_hal_uart.o
    0x08001672   0x00000002   Code   RO          553    i.HAL_UART_ErrorCallback  stm32f2xx_hal_uart.o
    0x08001674   0x00000110   Code   RO          556    i.HAL_UART_IRQHandler  stm32f2xx_hal_uart.o
    0x08001784   0x00000062   Code   RO          557    i.HAL_UART_Init     stm32f2xx_hal_uart.o
    0x080017e6   0x00000002   PAD
    0x080017e8   0x000000e8   Code   RO         1984    i.HAL_UART_MspInit  usart.o
    0x080018d0   0x00000098   Code   RO          561    i.HAL_UART_Receive_DMA  stm32f2xx_hal_uart.o
    0x08001968   0x00000074   Code   RO         2197    i.HAL_UART_RxCpltCallback  usartcommandproc.o
    0x080019dc   0x00000002   Code   RO          564    i.HAL_UART_RxHalfCpltCallback  stm32f2xx_hal_uart.o
    0x080019de   0x000000ba   Code   RO          565    i.HAL_UART_Transmit  stm32f2xx_hal_uart.o
    0x08001a98   0x00000002   Code   RO          568    i.HAL_UART_TxCpltCallback  stm32f2xx_hal_uart.o
    0x08001a9a   0x00000002   PAD
    0x08001a9c   0x0000000c   Code   RO         2035    i.I2C1_ER_IRQHandler  stm32f2xx_it.o
    0x08001aa8   0x0000000c   Code   RO         2036    i.I2C1_EV_IRQHandler  stm32f2xx_it.o
    0x08001ab4   0x000000a4   Code   RO         2143    i.I2CProcCheck      i2cproc.o
    0x08001b58   0x00000044   Code   RO         2144    i.I2CReadDataUpdate  i2cproc.o
    0x08001b9c   0x0000004c   Code   RO         2145    i.I2CReadFromSlave  i2cproc.o
    0x08001be8   0x0000002c   Code   RO         2198    i.I2CSlaveProc      usartcommandproc.o
    0x08001c14   0x00000010   Code   RO         2146    i.I2CWork           i2cproc.o
    0x08001c24   0x0000004e   Code   RO           58    i.I2C_DMAAbort      stm32f2xx_hal_i2c.o
    0x08001c72   0x00000034   Code   RO           59    i.I2C_DMAError      stm32f2xx_hal_i2c.o
    0x08001ca6   0x00000086   Code   RO           60    i.I2C_DMAXferCplt   stm32f2xx_hal_i2c.o
    0x08001d2c   0x00000124   Code   RO           61    i.I2C_ITError       stm32f2xx_hal_i2c.o
    0x08001e50   0x000000be   Code   RO           63    i.I2C_MasterReceive_BTF  stm32f2xx_hal_i2c.o
    0x08001f0e   0x00000084   Code   RO           64    i.I2C_MasterReceive_RXNE  stm32f2xx_hal_i2c.o
    0x08001f92   0x00000080   Code   RO           67    i.I2C_MasterTransmit_BTF  stm32f2xx_hal_i2c.o
    0x08002012   0x00000106   Code   RO           68    i.I2C_MasterTransmit_TXE  stm32f2xx_hal_i2c.o
    0x08002118   0x000000f4   Code   RO           69    i.I2C_Master_ADDR   stm32f2xx_hal_i2c.o
    0x0800220c   0x0000005a   Code   RO           70    i.I2C_Master_SB     stm32f2xx_hal_i2c.o
    0x08002266   0x00000002   PAD
    0x08002268   0x00000084   Code   RO           73    i.I2C_Slave_AF      stm32f2xx_hal_i2c.o
    0x080022ec   0x000000dc   Code   RO           74    i.I2C_Slave_STOPF   stm32f2xx_hal_i2c.o
    0x080023c8   0x0000005c   Code   RO         1917    i.MX_DMA_Init       dma.o
    0x08002424   0x00000238   Code   RO         1893    i.MX_GPIO_Init      gpio.o
    0x0800265c   0x00000054   Code   RO         1943    i.MX_I2C1_Init      i2c.o
    0x080026b0   0x0000004c   Code   RO         1985    i.MX_USART2_UART_Init  usart.o
    0x080026fc   0x00000020   Code   RO         1161    i.NVIC_SetPriority  stm32f2xx_hal_cortex.o
    0x0800271c   0x00000004   Code   RO         2037    i.PVD_IRQHandler    stm32f2xx_it.o
    0x08002720   0x00000002   Code   RO         2038    i.PendSV_Handler    stm32f2xx_it.o
    0x08002722   0x00000002   Code   RO         2039    i.SVC_Handler       stm32f2xx_it.o
    0x08002724   0x0000000e   Code   RO         2040    i.SysTick_Handler   stm32f2xx_it.o
    0x08002732   0x0000006e   Code   RO         1831    i.SystemClock_Config  main.o
    0x080027a0   0x00000048   Code   RO         2275    i.SystemInit        system_stm32f2xx.o
    0x080027e8   0x00000010   Code   RO          570    i.UART_DMAAbortOnError  stm32f2xx_hal_uart.o
    0x080027f8   0x0000004a   Code   RO          571    i.UART_DMAError     stm32f2xx_hal_uart.o
    0x08002842   0x0000003c   Code   RO          572    i.UART_DMAReceiveCplt  stm32f2xx_hal_uart.o
    0x0800287e   0x0000000a   Code   RO          574    i.UART_DMARxHalfCplt  stm32f2xx_hal_uart.o
    0x08002888   0x0000001c   Code   RO          580    i.UART_EndRxTransfer  stm32f2xx_hal_uart.o
    0x080028a4   0x00000012   Code   RO          581    i.UART_EndTxTransfer  stm32f2xx_hal_uart.o
    0x080028b6   0x0000008c   Code   RO          582    i.UART_Receive_IT   stm32f2xx_hal_uart.o
    0x08002942   0x00000002   PAD
    0x08002944   0x000002ac   Code   RO          583    i.UART_SetConfig    stm32f2xx_hal_uart.o
    0x08002bf0   0x00000062   Code   RO          584    i.UART_Transmit_IT  stm32f2xx_hal_uart.o
    0x08002c52   0x00000062   Code   RO          585    i.UART_WaitOnFlagUntilTimeout  stm32f2xx_hal_uart.o
    0x08002cb4   0x0000002c   Code   RO         2041    i.USART2_IRQHandler  stm32f2xx_it.o
    0x08002ce0   0x00000024   Code   RO         2200    i.UsartInit         usartcommandproc.o
    0x08002d04   0x0000001c   Code   RO         2201    i.UsartSaveRxDataToProcBuffer  usartcommandproc.o
    0x08002d20   0x00000020   Code   RO         2202    i.UserCommandExitCheck  usartcommandproc.o
    0x08002d40   0x00000070   Code   RO         2203    i.UserCommandProc   usartcommandproc.o
    0x08002db0   0x00000002   Code   RO         1832    i._Error_Handler    main.o
    0x08002db2   0x00000002   PAD
    0x08002db4   0x00000020   Code   RO         2521    i.__0printf$8       mc_w.l(printf8.o)
    0x08002dd4   0x0000000e   Code   RO         2615    i.__scatterload_copy  mc_w.l(handlers.o)
    0x08002de2   0x00000002   Code   RO         2616    i.__scatterload_null  mc_w.l(handlers.o)
    0x08002de4   0x0000000e   Code   RO         2617    i.__scatterload_zeroinit  mc_w.l(handlers.o)
    0x08002df2   0x00000002   PAD
    0x08002df4   0x00000410   Code   RO         2528    i._printf_core      mc_w.l(printf8.o)
    0x08003204   0x00000024   Code   RO         2529    i._printf_post_padding  mc_w.l(printf8.o)
    0x08003228   0x0000002e   Code   RO         2530    i._printf_pre_padding  mc_w.l(printf8.o)
    0x08003256   0x00000002   PAD
    0x08003258   0x00000018   Code   RO         1986    i.fputc             usart.o
    0x08003270   0x00000050   Code   RO         1833    i.main              main.o
    0x080032c0   0x00000008   Data   RO         1699    .constdata          stm32f2xx_hal_dma.o
    0x080032c8   0x00000010   Data   RO         2276    .constdata          system_stm32f2xx.o
    0x080032d8   0x00000008   Data   RO         2277    .constdata          system_stm32f2xx.o
    0x080032e0   0x00000020   Data   RO         2613    Region$$Table       anon$$obj.o


    Execution Region RW_IRAM1 (Base: 0x20000000, Size: 0x000006d0, Max: 0x00020000, ABSOLUTE)

    Base Addr    Size         Type   Attr      Idx    E Section Name        Object

    0x20000000   0x00000004   Data   RW          880    .data               stm32f2xx_hal.o
    0x20000004   0x00000004   Data   RW         2205    .data               usartcommandproc.o
    0x20000008   0x00000004   Data   RW         2278    .data               system_stm32f2xx.o
    0x2000000c   0x00000004   Data   RW         2589    .data               mc_w.l(stdout.o)
    0x20000010   0x0000000c   Zero   RW         1834    .bss                main.o
    0x2000001c   0x00000114   Zero   RW         1944    .bss                i2c.o
    0x20000130   0x00000100   Zero   RW         1987    .bss                usart.o
    0x20000230   0x00000020   Zero   RW         2148    .bss                i2cproc.o
    0x20000250   0x00000080   Zero   RW         2204    .bss                usartcommandproc.o
    0x200002d0   0x00000400   Zero   RW            1    STACK               startup_stm32f207xx.o


==============================================================================

Image component sizes


      Code (inc. data)   RO Data    RW Data    ZI Data      Debug   Object Name

        92          4          0          0          0        802   dma.o
       568         36          0          0          0       1295   gpio.o
       340         64          0          0        276       1835   i2c.o
       324        158          0          0         32       2939   i2cproc.o
       192         24          0          0         12       2866   main.o
        36          8        388          0       1024        824   startup_stm32f207xx.o
       120         22          0          4          0       3607   stm32f2xx_hal.o
       228         14          0          0          0      28853   stm32f2xx_hal_cortex.o
      1094         16          8          0          0       7061   stm32f2xx_hal_dma.o
       470         48          0          0          0       2236   stm32f2xx_hal_gpio.o
      3226         60          0          0          0     648426   stm32f2xx_hal_i2c.o
       148          6          0          0          0        942   stm32f2xx_hal_msp.o
        30          6          0          0          0       1087   stm32f2xx_hal_pwr.o
      1264         80          0          0          0       5328   stm32f2xx_hal_rcc.o
      2028         28          0          0          0      12361   stm32f2xx_hal_uart.o
       138         62          0          0          0       5028   stm32f2xx_it.o
        72         18         24          4          0       1211   system_stm32f2xx.o
       332         64          0          0        256       2460   usart.o
       474        174          0          4        128       5718   usartcommandproc.o

    ----------------------------------------------------------------------
     11200        892        452         12       1728     734879   Object Totals
         0          0         32          0          0          0   (incl. Generated)
        24          0          0          0          0          0   (incl. Padding)

    ----------------------------------------------------------------------

      Code (inc. data)   RO Data    RW Data    ZI Data      Debug   Library Member Name

         0          0          0          0          0          0   entry.o
         0          0          0          0          0          0   entry10a.o
         0          0          0          0          0          0   entry11a.o
         8          4          0          0          0          0   entry2.o
         4          0          0          0          0          0   entry5.o
         0          0          0          0          0          0   entry7b.o
         0          0          0          0          0          0   entry8b.o
         8          4          0          0          0          0   entry9a.o
        30          0          0          0          0          0   handlers.o
        36          8          0          0          0         68   init.o
        30          0          0          0          0         68   llshl.o
        32          0          0          0          0         68   llushr.o
      1154         54          0          0          0        352   printf8.o
         0          0          0          4          0          0   stdout.o
        98          0          0          0          0         92   uldiv.o

    ----------------------------------------------------------------------
      1404         70          0          4          0        648   Library Totals
         4          0          0          0          0          0   (incl. Padding)

    ----------------------------------------------------------------------

      Code (inc. data)   RO Data    RW Data    ZI Data      Debug   Library Name

      1400         70          0          4          0        648   mc_w.l

    ----------------------------------------------------------------------
      1404         70          0          4          0        648   Library Totals

    ----------------------------------------------------------------------

==============================================================================


      Code (inc. data)   RO Data    RW Data    ZI Data      Debug   

     12604        962        452         16       1728     729907   Grand Totals
     12604        962        452         16       1728     729907   ELF Image Totals
     12604        962        452         16          0          0   ROM Totals

==============================================================================

    Total RO  Size (Code + RO Data)                13056 (  12.75kB)
    Total RW  Size (RW Data + ZI Data)              1744 (   1.70kB)
    Total ROM Size (Code + RO Data + RW Data)      13072 (  12.77kB)

==============================================================================

